ENDIAN=BIG,FORMAT=FTL,MAPFORMATVERSION=2.3,MAPVERSION=1.0
# Author: Pierre Monnot
# Date: 13-MAR-2006
0001,RAW1,SIZE=3832,Data zone,Hunk 0011 area 1 uncompressed,
0002,P4B2,ID=PAL_TITLE,Palette for Title,,
0003,P4B2,ID=PAL_CREDITS,Palette for Credits,,
0004,P4B2,ID=PAL_ENTRANCE,Palette for Entrance,,
0005,P4B2,ID=PAL_BLUE,Palette,,
0006,P4B2,ID=PAL1,Main palette,,
0007,P4B2,ID=PAL2,Main palette with light - 1,,
0008,P4B2,ID=PAL3,Main palette with light - 2,,
0009,P4B2,ID=PAL4,Main palette with light - 3,,
0010,P4B2,ID=PAL5,Main palette with light - 4,,
0011,P4B2,ID=PAL6,Main palette with light - 5,,
0014,RAW1,SIZE=4840,Data zone,Hunk 0011 area 1 uncompressed,
0015,TXT2,SIZE=16,Monster 01,,
0016,TXT2,NULL,Monster 02,,
0017,TXT2,NULL,Monster 03,,
0018,TXT2,NULL,Monster 04,,
0019,TXT2,SIZE=12,Monster 05,,
0020,TXT2,SIZE=8,Monster 06,,
0021,TXT2,SIZE=10,Monster 07,,
0022,TXT2,SIZE=10,Monster 08,,
0023,TXT2,SIZE=6,Monster 09,,
0024,TXT2,NULL,Monster 10,,
0025,TXT2,NULL,Monster 11,,
0026,TXT2,NULL,Monster 12,,
0027,TXT2,SIZE=10,Monster 13,,
0028,TXT2,SIZE=8,Monster 14,,
0029,TXT2,SIZE=12,Monster 15,,
0030,TXT2,NULL,Monster 16,,
0031,TXT2,NULL,Monster 17,,
0032,TXT2,NULL,Monster 18,,
0033,TXT2,NULL,Monster 19,,
0034,TXT2,NULL,Monster 20,,
0035,TXT2,NULL,Monster 22,,
0036,TXT2,SIZE=14,Monster 23,,
0037,TXT2,NULL,Monster 24,,
0038,TXT2,SIZE=12,Monster 25,,
0039,TXT2,SIZE=12,Monster 26,,
0040,TXT2,SIZE=12,Monster 27,,
0041,TXT2,NULL,Monster 28,,
0042,RAW1,SIZE=360,Data zone,Hunk 0011 area 1 uncompressed,
0043,TXT2,SIZE=10,Level 01,,
0044,TXT2,SIZE=8,Level 02,,
0045,TXT2,SIZE=12,Level 03,,
0046,TXT2,SIZE=12,Level 04,,
0047,TXT2,NULL,Level 05,,
0048,TXT2,NULL,Level 06,,
0049,TXT2,NULL,Level 07,,
0050,TXT2,SIZE=8,Level 08,,
0051,TXT2,SIZE=10,Level 09,,
0052,TXT2,SIZE=10,Level 10,,
0053,TXT2,SIZE=10,Level 11,,
0054,TXT2,SIZE=10,Level 12,,
0055,TXT2,SIZE=10,Level 13,,
0056,TXT2,SIZE=10,Level 14,,
0057,TXT2,SIZE=12,Level 15,,
0058,TXT2,SIZE=10,,,
0059,TXT2,SIZE=10,,,
0060,TXT2,SIZE=4,,,
0061,TXT2,NULL,,,
0062,TXT2,NULL,,,
0064,TXT2,NULL,,,
0065,TXT2,SIZE=6,,,
0066,TXT2,NULL,,,
0067,TXT2,SIZE=6,,,
0068,TXT2,NULL,,,
0069,TXT2,NULL,,,
0070,TXT2,SIZE=12,,,
0071,TXT2,SIZE=10,,,
0072,TXT2,SIZE=8,,,
0073,TXT2,SIZE=8,,,
0074,TXT2,NULL,,,
0075,TXT2,NULL,,,
0076,TXT2,NULL,,,
0077,TXT2,SIZE=16,,,
0078,TXT2,NULL,,,
0079,TXT2,SIZE=8,,,
0080,TXT2,NULL,,,
0081,TXT2,NULL,,,
0082,TXT2,NULL,,,
0083,TXT2,NULL,,,
0084,TXT2,SIZE=6,,,
0085,TXT2,NULL,,,
0086,TXT2,SIZE=10,,,
0087,TXT2,NULL,,,
0088,TXT2,SIZE=8,,,
0089,TXT2,SIZE=10,,,
0090,TXT2,SIZE=12,,,
0091,TXT2,NULL,,,
0092,TXT2,NULL,,,
0093,TXT2,NULL,,,
0094,TXT2,SIZE=8,,,
0095,TXT2,NULL,,,
0096,TXT2,NULL,,,
0097,RAW2,SIZE=1149,Data zone,Hunk 0011 area 1 uncompressed,
0098,P4B2,ID=PAL1D,Main palette darker than PAL1,,
0099,RAW1,SIZE=332,Data zone,Hunk 0011 area 1 uncompressed,
0100,TXT2,NULL,,,
0101,TXT2,NULL,,,
0102,RAW1,SIZE=74,Data zone,Hunk 0011 area 1 uncompressed,
0103,TXT2,NULL,Class 01,,
0104,TXT2,NULL,Class 02,,
0105,TXT2,SIZE=8,Class 03,,
0106,TXT2,SIZE=8,Class 04,,
0107,TXT2,NULL,,,
0108,TXT2,NULL,,,
0109,TXT2,NULL,,,
0110,TXT2,NULL,,,
0111,TXT2,NULL,,,
0112,TXT2,NULL,,,
0113,TXT2,NULL,,,
0114,TXT2,NULL,,,
0115,TXT2,NULL,,,
0116,TXT2,NULL,,,
0117,RAW1,SIZE=6263,Data zone,Hunk 0011 area 1 uncompressed,
0115,TXT2,NULL,,,
0116,TXT2,NULL,,,
0117,RAW1,SIZE=546,Data zone,Hunk 0011 area 1 uncompressed,
0118,TXT2,NULL,Attack 01,,
0119,TXT2,NULL,Attack 02,,
0120,TXT2,NULL,Attack 03,,
0121,TXT2,NULL,Attack 04,,
0122,TXT2,NULL,Attack 05,,
0123,TXT2,NULL,Attack 06,,
0124,TXT2,NULL,Attack 07,,
0125,TXT2,NULL,Attack 08,,
0126,TXT2,NULL,Attack 09,,
0127,TXT2,NULL,Attack 10,,
0128,TXT2,NULL,Attack 11,,
0129,TXT2,NULL,Attack 12,,
0130,TXT2,NULL,Attack 13,,
0131,TXT2,NULL,Attack 14,,
0132,TXT2,NULL,Attack 15,,
0133,TXT2,NULL,Attack 16,,
0134,TXT2,NULL,Attack 17,,
0135,TXT2,NULL,Attack 18,,
0136,TXT2,NULL,Attack 19,,
0137,TXT2,NULL,Attack 20,,
0138,TXT2,NULL,Attack 21,,
0139,TXT2,NULL,Attack 22,,
0140,TXT2,NULL,Attack 23,,
0141,TXT2,NULL,Attack 24,,
0142,TXT2,NULL,Attack 25,,
0143,TXT2,NULL,Attack 26,,
0144,TXT2,NULL,Attack 27,,
0145,TXT2,NULL,Attack 28,,
0146,TXT2,NULL,Attack 29,,
0147,TXT2,NULL,Attack 30,,
0148,TXT2,NULL,Attack 31,,
0149,TXT2,NULL,Attack 32,,
0150,TXT2,NULL,Attack 33,,
0151,TXT2,NULL,Attack 34,,
0152,TXT2,NULL,Attack 35,,
0153,TXT2,NULL,Attack 36,,
0154,TXT2,NULL,Attack 37,,
0155,TXT2,NULL,Attack 38,,
0156,TXT2,NULL,Attack 39,,
0157,TXT2,NULL,Attack 40,,
0158,TXT2,NULL,Attack 41,,
0159,TXT2,NULL,Attack 42,,
0160,TXT2,NULL,Attack 43,,
0161,RAW1,SIZE=341,Data zone,Hunk 0011 area 1 uncompressed,
0162,TXT2,SIZE=20,,,
0163,TXT2,NULL,,,
0164,RAW1,SIZE=19,Data zone,Hunk 0011 area 1 uncompressed,
0165,TXT2,NULL,,,
0166,TXT2,NULL,,,
0167,TXT2,NULL,,,
0168,TXT2,NULL,,,
0169,TXT2,NULL,,,
0170,TXT2,NULL,,,
0171,TXT2,NULL,,,
0172,RAW1,SIZE=8,Data zone,Hunk 0011 area 1 uncompressed,
0173,TXT2,NULL,Game version,,
0174,RAW2,SIZE=45,Data zone,Hunk 0011 area 1 uncompressed,
0175,TXT2,NULL,,,
0176,RAW1,SIZE=264,Data zone,Hunk 0011 area 1 uncompressed,
0177,TXT2,NULL,,,
0178,TXT2,NULL,,,
0179,TXT2,NULL,,,
0180,TXT2,SIZE=24,,,
0181,TXT2,SIZE=22,,,
0182,TXT2,SIZE=24,,,
0183,TXT2,NULL,,,
0184,TXT2,SIZE=26,,,
0185,TXT2,NULL,,,
0186,TXT2,NULL,,,
0187,TXT2,SIZE=26,,,
0188,TXT2,SIZE=22,,,
0189,TXT2,NULL,,,
0190,TXT2,SIZE=38,,,
0191,TXT2,NULL,,,
0192,TXT2,NULL,,,
0193,TXT2,SIZE=20,,,
0194,TXT2,NULL,,,
0195,TXT2,NULL,,,
0196,TXT2,SIZE=24,,,
0197,TXT2,NULL,,,
0198,TXT2,NULL,,,
0199,TXT2,NULL,,,
0200,TXT2,SIZE=4,,,
0201,TXT2,SIZE=8,,,
0202,TXT2,NULL,,,
0203,TXT2,SIZE=28,,,
0204,TXT2,NULL,,,
0205,TXT2,NULL,,,
0206,RAW1,NULL,Data zone,Hunk 0011 area 1 uncompressed,
