MAPFORMATVERSION=2.0,MAPVERSION=1.0,FORMAT=EXE,ENDIAN=BIG,CLOCKMODE=PAL
0000,RAWINSTR_AMIGA,SIZE=990,Instruction - Unknown code,,
0001,TXT2,NULL,Library,Graphics,
0002,RAWINSTR,SIZE=1323,Instruction - Unknown code,,
0003,TXT2,SIZE=190,Device and Copyrights,Software Heaven,
0004,RAWINSTR_AMIGA,SIZE=748,Instruction - Unknown code,,
0005,TXT2,NULL,Library,Dos,
0006,RAWINSTR_AMIGA,SIZE=720,Instruction - Unknown code,,
0007,RAWINSTR_AMIGA,SIZE=1096,Instruction - Function allocation table,,
0008,RAW1,SIZE=8,Data - planar size of an image,not sure,
0009,P4B2,ID=PAL_LOGO,Initial palette for image 01,black,
0010,RAW2,SIZE=32,Empty data,,
0011,P4B2,ID=PAL_WARNING1,Palette for image 02,1 megabytes required,
0012,RAW2,SIZE=32,Empty data,,
0013,P4B2,ID=PAL_WARNING2,Palette for Image 02,damaged master disk,
0014,RAW2,SIZE=32,Empty data,,
0015,PALAN,ID=PALAN_LOGO,Palette animation for FTL Logo,,
0016,TXT2,NULL,Copyright,FTL,
0017,IMG5,WIDTH=320&HEIGHT=200&PAL=PAL_LOGO&PALAN=PALAN_LOGO&SND=SND_LOGO,Image 01,Logo FTL,
0018,SND2B,ID=SND_LOGO,Sound 01,Swoosh,
0019,IMG5,WIDTH=320&HEIGHT=200&PAL=PAL_WARNING1&PAL=PAL_WARNING2,Image 02,Warnings,
0020,RAW1,SIZE=12,Data,Not yet decoded,
0021,RAW1,NULL,Code,Not yet decoded,


