ENDIAN=BIG,FORMAT=DMCSB1
0000,IMG1,PAL1,Interface - Dialog Box,,
0001,IMG1,PAL1,Interface - Main Title,,
0002,IMG1,PAL1,Interface - Main Menu Left Door,,
0003,IMG1,PAL1,Interface - Main Menu Right Door,,
0004,IMG1,PAL1,Interface - Main Menu Screen,,
0005,IMG1,PAL1,Interface - Credits,,
0006,IMG1,PAL1,Interface - 'The End' Label,,
0007,IMG1,PAL1,Interface - Champion Information,,
0008,IMG1,PAL1,Interface - Dead Champion Information,,
0009,IMG1,PAL1,Interface - Unknown use,,
0010,IMG1,PAL1,Interface - Item Actions Area,,
0011,IMG1,PAL1,Interface - Spell Casting Area,,
0012,IMG1,PAL1,Font Used For Scrolls,,
0013,IMG1,PAL1,Interface - Movement Arrows,,
0014,IMG1,PAL1,Interface - Damage Done,,
0015,IMG1,PAL1,Interface - Damage Received (Small),,
0016,IMG1,PAL1,Interface - Damage Received (Big),,
0017,IMG1,PAL1,Interface - Character Sheet,,
0018,IMG1,PAL1,Interface - Character Sheet - Arrow Showing The Content Of A Chest,,
0019,IMG1,PAL1,Interface - Character Sheet - Eye Showing The Properties Of An Item,,
0020,IMG1,PAL1,Interface - Character Sheet - Empty Information Area,,
0021,IMG1,PAL1,Noisy image 16x23,,
0022,IMG1,PAL1,Empty image 16x4,,
0023,IMG1,PAL1,Interface - Character Sheet - Open Scroll,,
0024,IMG1,PAL1,Empty image 16x4,,
0025,IMG1,PAL1,Interface - Character Sheet - Open Chest,,
0026,IMG1,PAL1,Interface - Champions' Portraits,,
0027,IMG1,PAL1,Interface - Character Sheet - Rename Champion,,
0028,IMG1,PAL1,Interface - Champion Positions,,
0029,IMG1,PAL1,Interface - Character Sheet - Circle Displayed While Looking At An Item,,
0030,IMG1,PAL1,Interface - Character Sheet - 'Food' Label,,
0031,IMG1,PAL1,Interface - Character Sheet - 'Water' Label,,
0032,IMG1,PAL1,Interface - Character Sheet - 'Poisoned' Label,,
0033,IMG1,PAL1,Interface - Gray Border Item Slot (Empty),,
0034,IMG1,PAL1,Interface - Red Border Item Slot (Wounded),,
0035,IMG1,PAL1,Interface - Cyan Border Item Slot (Item Action Selected),,
0036,IMG1,PAL1,Interface - White Border Item Slot,,
0037,IMG1,PAL1,Interface - Blue Border Around Champion Information (Shield Spell, Shield Potion),,
0038,IMG1,PAL1,Interface - Green Border Around Champion Information (Fire Shield Spell, Fireshield Action),,
0039,IMG1,PAL1,Interface - Cyan Border Around Champion Information (Spellshield Action),,
0040,IMG1,PAL1,Interface - Character Sheet - Resurrect And Reincarnate,,
0041,IMG1,PAL1,Dungeon Graphics - Hole In Wall While Using 'See Through Walls' Spell,,
0042,IMG1,PAL1,Items Graphics 0 (32 Items),,
0043,IMG1,PAL1,Items Graphics 1 (32 Items),,
0044,IMG1,PAL1,Items Graphics 2 (32 Items),,
0045,IMG1,PAL1,Items Graphics 3 (32 Items),,
0046,IMG1,PAL1,Items Graphics 4 (32 Items),,
0047,IMG1,PAL1,Items Graphics 5 (32 Items),,
0048,IMG1,PAL1,Items And Body Parts Graphics 6 (32 Items),,
0049,IMG1,PAL1,Dungeon Graphics - Floor Pit (Left Side 3),,
0050,IMG1,PAL1,Dungeon Graphics - Floor Pit (Front 3),,
0051,IMG1,PAL1,Dungeon Graphics - Floor Pit (Left Side 2),,
0052,IMG1,PAL1,Dungeon Graphics - Floor Pit (Front 2),,
0053,IMG1,PAL1,Dungeon Graphics - Floor Pit (Left Side 1),,
0054,IMG1,PAL1,Dungeon Graphics - Floor Pit (Front 1),,
0055,IMG1,PAL1,Dungeon Graphics - Floor Pit (Left Side 0),,
0056,IMG1,PAL1,Dungeon Graphics - Floor Pit (Front 0),,
0057,IMG1,PAL1,Dungeon Graphics - Invisible Floor Pit (Left Side 2),,
0058,IMG1,PAL1,Dungeon Graphics - Invisible Floor Pit (Front 2),,
0059,IMG1,PAL1,Dungeon Graphics - Invisible Floor Pit (Left Side 1),,
0060,IMG1,PAL1,Dungeon Graphics - Invisible Floor Pit (Front 1),,
0061,IMG1,PAL1,Dungeon Graphics - Invisible Floor Pit (Left Side 0),,
0062,IMG1,PAL1,Dungeon Graphics - Invisible Floor Pit (Front 0),,
0063,IMG1,PAL1,Dungeon Graphics - Ceiling Pit (Left Side 2),,
0064,IMG1,PAL1,Dungeon Graphics - Ceiling Pit (Front 2),,
0065,IMG1,PAL1,Dungeon Graphics - Ceiling Pit (Left Side 1),,
0066,IMG1,PAL1,Dungeon Graphics - Ceiling Pit (Front 1),,
0067,IMG1,PAL1,Dungeon Graphics - Ceiling Pit (Left Side 0),,
0068,IMG1,PAL1,Dungeon Graphics - Ceiling Pit (Front 0),,
0069,IMG1,PAL1,Dungeon Graphics - Wall Mask (Right Front 3),,
0070,IMG1,PAL1,Dungeon Graphics - Wall Mask (Right Front 2),,
0071,IMG1,PAL1,Dungeon Graphics - Wall Mask (Right Front 1),,
0072,IMG1,PAL1,Dungeon Graphics - Wall Mask (Right Front 0),,
0073,IMG1,PAL1,Dungeon Graphics - Teleporter,,
0074,IMG1,PAL1,Dungeon Graphics - Fluxcage,,
0075,IMG1,PAL1,Dungeon Graphics - Floor,,
0076,IMG1,PAL1,Dungeon Graphics - Ceiling,,
0077,IMG1,PAL1,Dungeon Graphics - Door Left or Right Frame (Front 1),,
0078,IMG1,PAL1,Dungeon Graphics - Door Left Frame (Front 1),,
0079,IMG1,PAL1,Dungeon Graphics - Door Left Frame (Front 2),,
0080,IMG1,PAL1,Dungeon Graphics - Door Left Frame (Front 3),,
0081,IMG1,PAL1,Dungeon Graphics - Door Left Frame (Left Side 3),,
0082,IMG1,PAL1,Dungeon Graphics - Door Top Frame (Front 1),,
0083,IMG1,PAL1,Dungeon Graphics - Door Top Frame (Front 2),,
0084,IMG1,PAL1,Dungeon Graphics - Wall (Right Side 0),,
0085,IMG1,PAL1,Dungeon Graphics - Wall (Left Side 0),,
0086,IMG1,PAL1,Dungeon Graphics - Wall (Front and Sides 1),,
0087,IMG1,PAL1,Dungeon Graphics - Wall (Front and Sides 2),,
0088,IMG1,PAL1,Dungeon Graphics - Wall (Front and Sides 3),,
0089,IMG1,PAL1,Dungeon Graphics - Wall (Far Left Side 3),,
0090,IMG1,PAL1,Dungeon Graphics - Stairs Up (Front 3 Left),,
0091,IMG1,PAL1,Dungeon Graphics - Stairs Up (Front 3),,
0092,IMG1,PAL1,Dungeon Graphics - Stairs Up (Front 2 Left),,
0093,IMG1,PAL1,Dungeon Graphics - Stairs Up (Front 2),,
0094,IMG1,PAL1,Dungeon Graphics - Stairs Up (Front 1 Left),,
0095,IMG1,PAL1,Dungeon Graphics - Stairs Up (Front 1),,
0096,IMG1,PAL1,Dungeon Graphics - Stairs Up (Front 0),,
0097,IMG1,PAL1,Dungeon Graphics - Stairs Down (Front 3 Left),,
0098,IMG1,PAL1,Dungeon Graphics - Stairs Down (Front 3),,
0099,IMG1,PAL1,Dungeon Graphics - Stairs Down (Front 2 Left),,
0100,IMG1,PAL1,Dungeon Graphics - Stairs Down (Front 2),,
0101,IMG1,PAL1,Dungeon Graphics - Stairs Down (Front 1 Left),,
0102,IMG1,PAL1,Dungeon Graphics - Stairs Down (Front 1),,
0103,IMG1,PAL1,Dungeon Graphics - Stairs Down (Front 0),,
0104,IMG1,PAL1,Dungeon Graphics - Stairs (Side 3 Left),,
0105,IMG1,PAL1,Dungeon Graphics - Stairs Up (Side 2 Left),,
0106,IMG1,PAL1,Dungeon Graphics - Stairs Down (Side 2 Left),,
0107,IMG1,PAL1,Dungeon Graphics - Stairs (Side 1),,
0108,IMG1,PAL1,Door Graphics 0 (Front 3),Porticullis,
0109,IMG1,PAL1,Door Graphics 0 (Front 2),Porticullis,
0110,IMG1,PAL1,Door Graphics 0 (Front 1),Porticullis,
0111,IMG1,PAL1,Door Graphics 1 (Front 3),Wooden Door,
0112,IMG1,PAL1,Door Graphics 1 (Front 2),Wooden Door,
0113,IMG1,PAL1,Door Graphics 1 (Front 1),Wooden Door,
0114,IMG1,PAL1,Door Graphics 2 (Front 3),Iron Door,
0115,IMG1,PAL1,Door Graphics 2 (Front 2),Iron Door,
0116,IMG1,PAL1,Door Graphics 2 (Front 1),Iron Door,
0117,IMG1,PAL1,Door Graphics 3 (Front 3),Ra Door,
0118,IMG1,PAL1,Door Graphics 3 (Front 2),Ra Door,
0119,IMG1,PAL1,Door Graphics 3 (Front 1),Ra Door,
0120,IMG1,PAL1,Font Used For Wall Texts,,
0121,IMG1,PAL1,Wall Ornate 00 (Left Side),Unreadable Wall Inscription,
0122,IMG1,PAL1,Wall Ornate 00 (Front),Unreadable Wall Inscription,
0123,IMG1,PAL1,Wall Ornate 01 (Left Side),Square Alcove,
0124,IMG1,PAL1,Wall Ornate 01 (Front),Square Alcove,
0125,IMG1,PAL1,Wall Ornate 02 (Left Side),Vi Altar,
0126,IMG1,PAL1,Wall Ornate 02 (Front),Vi Altar,
0127,IMG1,PAL1,Wall Ornate 03 (Left Side),Arched Alcove,
0128,IMG1,PAL1,Wall Ornate 03 (Front),Arched Alcove,
0129,IMG1,PAL1,Wall Ornate 04 (Left Side),Hook,
0130,IMG1,PAL1,Wall Ornate 04 (Front),Hook,
0131,IMG1,PAL1,Wall Ornate 05 (Left Side),Iron Lock,
0132,IMG1,PAL1,Wall Ornate 05 (Front),Iron Lock,
0133,IMG1,PAL1,Wall Ornate 06 (Left Side),Wood Ring,
0134,IMG1,PAL1,Wall Ornate 06 (Front),Wood Ring,
0135,IMG1,PAL1,Wall Ornate 07 (Left Side),Small Switch,
0136,IMG1,PAL1,Wall Ornate 07 (Front),Small Switch,
0137,IMG1,PAL1,Wall Ornate 08 (Left Side),Dent 1,
0138,IMG1,PAL1,Wall Ornate 08 (Front),Dent 1,
0139,IMG1,PAL1,Wall Ornate 09 (Left Side),Dent 2,
0140,IMG1,PAL1,Wall Ornate 09 (Front),Dent 2,
0141,IMG1,PAL1,Wall Ornate 10 (Left Side),Iron Ring,
0142,IMG1,PAL1,Wall Ornate 10 (Front),Iron Ring,
0143,IMG1,PAL1,Wall Ornate 11 (Left Side),Crack,
0144,IMG1,PAL1,Wall Ornate 11 (Front),Crack,
0145,IMG1,PAL1,Wall Ornate 12 (Left Side),Slime Outlet,
0146,IMG1,PAL1,Wall Ornate 12 (Front),Slime Outlet,
0147,IMG1,PAL1,Wall Ornate 13 (Left Side),Dent 3,
0148,IMG1,PAL1,Wall Ornate 13 (Front),Dent 3,
0149,IMG1,PAL1,Wall Ornate 14 (Left Side),Tiny Switch,
0150,IMG1,PAL1,Wall Ornate 14 (Front),Tiny Switch,
0151,IMG1,PAL1,Wall Ornate 15 (Left Side),Green Switch Out,
0152,IMG1,PAL1,Wall Ornate 15 (Front),Green Switch Out,
0153,IMG1,PAL1,Wall Ornate 16 (Left Side),Blue Switch Out,
0154,IMG1,PAL1,Wall Ornate 16 (Front),Blue Switch Out,
0155,IMG1,PAL1,Wall Ornate 17 (Left Side),Coin Slot,
0156,IMG1,PAL1,Wall Ornate 17 (Front),Coin Slot,
0157,IMG1,PAL1,Wall Ornate 18 (Left Side),Double Iron Lock,
0158,IMG1,PAL1,Wall Ornate 18 (Front),Double Iron Lock,
0159,IMG1,PAL1,Wall Ornate 19 (Left Side),Square Lock,
0160,IMG1,PAL1,Wall Ornate 19 (Front),Square Lock,
0161,IMG1,PAL1,Wall Ornate 20 (Left Side),Winged Lock,
0162,IMG1,PAL1,Wall Ornate 20 (Front),Winged Lock,
0163,IMG1,PAL1,Wall Ornate 21 (Left Side),Onyx Lock,
0164,IMG1,PAL1,Wall Ornate 21 (Front),Onyx Lock,
0165,IMG1,PAL1,Wall Ornate 22 (Left Side),Stone Lock,
0166,IMG1,PAL1,Wall Ornate 22 (Front),Stone Lock,
0167,IMG1,PAL1,Wall Ornate 23 (Left Side),Cross Lock,
0168,IMG1,PAL1,Wall Ornate 23 (Front),Cross Lock,
0169,IMG1,PAL1,Wall Ornate 24 (Left Side),Topaz Lock,
0170,IMG1,PAL1,Wall Ornate 24 (Front),Topaz Lock,
0171,IMG1,PAL1,Wall Ornate 25 (Left Side),Skeleton Lock,
0172,IMG1,PAL1,Wall Ornate 25 (Front),Skeleton Lock,
0173,IMG1,PAL1,Wall Ornate 26 (Left Side),Gold Lock,
0174,IMG1,PAL1,Wall Ornate 26 (Front),Gold Lock,
0175,IMG1,PAL1,Wall Ornate 27 (Left Side),Tourquoise Lock,
0176,IMG1,PAL1,Wall Ornate 27 (Front),Tourquoise Lock,
0177,IMG1,PAL1,Wall Ornate 28 (Left Side),Emerald Lock,
0178,IMG1,PAL1,Wall Ornate 28 (Front),Emerald Lock,
0179,IMG1,PAL1,Wall Ornate 29 (Left Side),Ruby Lock,
0180,IMG1,PAL1,Wall Ornate 29 (Front),Ruby Lock,
0181,IMG1,PAL1,Wall Ornate 30 (Left Side),Ra Lock,
0182,IMG1,PAL1,Wall Ornate 30 (Front),Ra Lock,
0183,IMG1,PAL1,Wall Ornate 31 (Left Side),Master Lock,
0184,IMG1,PAL1,Wall Ornate 31 (Front),Master Lock,
0185,IMG1,PAL1,Wall Ornate 32 (Left Side),Gem Hole,
0186,IMG1,PAL1,Wall Ornate 32 (Front),Gem Hole,
0187,IMG1,PAL1,Wall Ornate 33 (Left Side),Slime,
0188,IMG1,PAL1,Wall Ornate 33 (Front),Slime,
0189,IMG1,PAL1,Wall Ornate 34 (Left Side),Grate,
0190,IMG1,PAL1,Wall Ornate 34 (Front),Grate,
0191,IMG1,PAL1,Wall Ornate 35 (Left Side),Fountain,
0192,IMG1,PAL1,Wall Ornate 35 (Front),Fountain,
0193,IMG1,PAL1,Wall Ornate 36 (Left Side),Manacles,
0194,IMG1,PAL1,Wall Ornate 36 (Front),Manacles,
0195,IMG1,PAL1,Wall Ornate 37 (Left Side),Ghoul's Head,
0196,IMG1,PAL1,Wall Ornate 37 (Front),Ghoul's Head,
0197,IMG1,PAL1,Wall Ornate 38 (Left Side),Empty Torch Holder,
0198,IMG1,PAL1,Wall Ornate 38 (Front),Empty Torch Holder,
0199,IMG1,PAL1,Wall Ornate 39 (Left Side),Scratches,
0200,IMG1,PAL1,Wall Ornate 39 (Front),Scratches,
0201,IMG1,PAL1,Wall Ornate 40 (Left Side),Poison Holes,
0202,IMG1,PAL1,Wall Ornate 40 (Front),Poison Holes,
0203,IMG1,PAL1,Wall Ornate 41 (Left Side),Fireball Holes,
0204,IMG1,PAL1,Wall Ornate 41 (Front),Fireball Holes,
0205,IMG1,PAL1,Wall Ornate 42 (Left Side),Dagger Holes,
0206,IMG1,PAL1,Wall Ornate 42 (Front),Dagger Holes,
0207,IMG1,PAL1,Wall Ornate 43 (Left Side),Champion Mirror,
0208,IMG1,PAL1,Wall Ornate 43 (Front),Champion Mirror,
0209,IMG1,PAL1,Wall Ornate 44 (Left Side),Lever Up,
0210,IMG1,PAL1,Wall Ornate 44 (Front),Lever Up,
0211,IMG1,PAL1,Wall Ornate 45 (Left Side),Lever Down,
0212,IMG1,PAL1,Wall Ornate 45 (Front),Lever Down,
0213,IMG1,PAL1,Wall Ornate 46 (Left Side),Full Torch Holder,
0214,IMG1,PAL1,Wall Ornate 46 (Front),Full Torch Holder,
0215,IMG1,PAL1,Wall Ornate 47 (Left Side),Red Switch Out,
0216,IMG1,PAL1,Wall Ornate 47 (Front),Red Switch Out,
0217,IMG1,PAL1,Wall Ornate 48 (Left Side),Eye Switch,
0218,IMG1,PAL1,Wall Ornate 48 (Front),Eye Switch,
0219,IMG1,PAL1,Wall Ornate 49 (Left Side),Big Switch Out,
0220,IMG1,PAL1,Wall Ornate 49 (Front),Big Switch Out,
0221,IMG1,PAL1,Wall Ornate 50 (Left Side),Crack Switch Out,
0222,IMG1,PAL1,Wall Ornate 50 (Front),Crack Switch Out,
0223,IMG1,PAL1,Wall Ornate 51 (Left Side),Green Switch In,
0224,IMG1,PAL1,Wall Ornate 51 (Front),Green Switch In,
0225,IMG1,PAL1,Wall Ornate 52 (Left Side),Blue Switch In,
0226,IMG1,PAL1,Wall Ornate 52 (Front),Blue Switch In,
0227,IMG1,PAL1,Wall Ornate 53 (Left Side),Red Switch In,
0228,IMG1,PAL1,Wall Ornate 53 (Front),Red Switch In,
0229,IMG1,PAL1,Wall Ornate 54 (Left Side),Big Switch In,
0230,IMG1,PAL1,Wall Ornate 54 (Front),Big Switch In,
0231,IMG1,PAL1,Wall Ornate 55 (Left Side),Crack Switch In,
0232,IMG1,PAL1,Wall Ornate 55 (Front),Crack Switch In,
0233,IMG1,PAL1,Wall Ornate 56 (Left Side),Amalgam (Encased Gem),
0234,IMG1,PAL1,Wall Ornate 56 (Front),Amalgam (Encased Gem),
0235,IMG1,PAL1,Wall Ornate 57 (Left Side),Amalgam (Free Gem),
0236,IMG1,PAL1,Wall Ornate 57 (Front),Amalgam (Free Gem),
0237,IMG1,PAL1,Wall Ornate 58 (Left Side),Amalgam (Without Gem),
0238,IMG1,PAL1,Wall Ornate 58 (Front),Amalgam (Without Gem),
0239,IMG1,PAL1,Wall Ornate 59 (Left Side),Lord Order (Outside),
0240,IMG1,PAL1,Wall Ornate 59 (Front),Lord Order (Outside),
0241,IMG1,PAL1,Floor ornate 00 (Left Side 3),Footprints,
0242,IMG1,PAL1,Floor ornate 00 (Front 3),Footprints,
0243,IMG1,PAL1,Floor ornate 00 (Left Side 2),Footprints,
0244,IMG1,PAL1,Floor ornate 00 (Front 2),Footprints,
0245,IMG1,PAL1,Floor ornate 00 (Left Side 1),Footprints,
0246,IMG1,PAL1,Floor ornate 00 (Front 1),Footprints,
0247,IMG1,PAL1,Floor ornate 01 (Left Side 3),Square Grate,
0248,IMG1,PAL1,Floor ornate 01 (Front 3),Square Grate,
0249,IMG1,PAL1,Floor ornate 01 (Left Side 2),Square Grate,
0250,IMG1,PAL1,Floor ornate 01 (Front 2),Square Grate,
0251,IMG1,PAL1,Floor ornate 01 (Left Side 1),Square Grate,
0252,IMG1,PAL1,Floor ornate 01 (Front 1),Square Grate,
0253,IMG1,PAL1,Floor ornate 02 (Left Side 3),Square Pressure Pad,
0254,IMG1,PAL1,Floor ornate 02 (Front 3),Square Pressure Pad,
0255,IMG1,PAL1,Floor ornate 02 (Left Side 2),Square Pressure Pad,
0256,IMG1,PAL1,Floor ornate 02 (Front 2),Square Pressure Pad,
0257,IMG1,PAL1,Floor ornate 02 (Left Side 1),Square Pressure Pad,
0258,IMG1,PAL1,Floor ornate 02 (Front 1),Square Pressure Pad,
0259,IMG1,PAL1,Floor ornate 03 (Left Side 3),Moss,
0260,IMG1,PAL1,Floor ornate 03 (Front 3),Moss,
0261,IMG1,PAL1,Floor ornate 03 (Left Side 2),Moss,
0262,IMG1,PAL1,Floor ornate 03 (Front 2),Moss,
0263,IMG1,PAL1,Floor ornate 03 (Left Side 1),Moss,
0264,IMG1,PAL1,Floor ornate 03 (Front 1),Moss,
0265,IMG1,PAL1,Floor ornate 04 (Left Side 3),Round Grate,
0266,IMG1,PAL1,Floor ornate 04 (Front 3),Round Grate,
0267,IMG1,PAL1,Floor ornate 04 (Left Side 2),Round Grate,
0268,IMG1,PAL1,Floor ornate 04 (Front 2),Round Grate,
0269,IMG1,PAL1,Floor ornate 04 (Left Side 1),Round Grate,
0270,IMG1,PAL1,Floor ornate 04 (Front 1),Round Grate,
0271,IMG1,PAL1,Floor ornate 05 (Left Side 3),Round Pressure Plate,
0272,IMG1,PAL1,Floor ornate 05 (Front 3),Round Pressure Plate,
0273,IMG1,PAL1,Floor ornate 05 (Left Side 2),Round Pressure Plate,
0274,IMG1,PAL1,Floor ornate 05 (Front 2),Round Pressure Plate,
0275,IMG1,PAL1,Floor ornate 05 (Left Side 1),Round Pressure Plate,
0276,IMG1,PAL1,Floor ornate 05 (Front 1),Round Pressure Plate,
0277,IMG1,PAL1,Floor ornate 06 (Left Side 3),Black Flame Pit,
0278,IMG1,PAL1,Floor ornate 06 (Front 3),Black Flame Pit,
0279,IMG1,PAL1,Floor ornate 06 (Left Side 2),Black Flame Pit,
0280,IMG1,PAL1,Floor ornate 06 (Front 2),Black Flame Pit,
0281,IMG1,PAL1,Floor ornate 06 (Left Side 1),Black Flame Pit,
0282,IMG1,PAL1,Floor ornate 06 (Front 1),Black Flame Pit,
0283,IMG1,PAL1,Floor ornate 07 (Left Side 3),Crack,
0284,IMG1,PAL1,Floor ornate 07 (Front 3),Crack,
0285,IMG1,PAL1,Floor ornate 07 (Left Side 2),Crack,
0286,IMG1,PAL1,Floor ornate 07 (Front 2),Crack,
0287,IMG1,PAL1,Floor ornate 07 (Left Side 1),Crack,
0288,IMG1,PAL1,Floor ornate 07 (Front 1),Crack,
0289,IMG1,PAL1,Floor ornate 08 (Left Side 3),Tiny Pressure Pad,
0290,IMG1,PAL1,Floor ornate 08 (Front 3),Tiny Pressure Pad,
0291,IMG1,PAL1,Floor ornate 08 (Left Side 2),Tiny Pressure Pad,
0292,IMG1,PAL1,Floor ornate 08 (Front 2),Tiny Pressure Pad,
0293,IMG1,PAL1,Floor ornate 08 (Left Side 1),Tiny Pressure Pad,
0294,IMG1,PAL1,Floor ornate 08 (Front 1),Tiny Pressure Pad,
0295,IMG1,PAL1,Floor ornate 09 (Left Side 3),Puddle,
0296,IMG1,PAL1,Floor ornate 09 (Front 3),Puddle,
0297,IMG1,PAL1,Floor ornate 09 (Left Side 2),Puddle,
0298,IMG1,PAL1,Floor ornate 09 (Front 2),Puddle,
0299,IMG1,PAL1,Floor ornate 09 (Left Side 1),Puddle,
0300,IMG1,PAL1,Floor ornate 09 (Front 1),Puddle,
0301,IMG1,PAL1,Door Mask 0,Bashed Door,
0302,IMG1,PAL1,Door Mask 1,'See Through Walls' Spell,
0303,IMG1,PAL1,Door Ornate 00,Square Grid,
0304,IMG1,PAL1,Door Ornate 01,Iron Bars,
0305,IMG1,PAL1,Door Ornate 02,Jewels,
0306,IMG1,PAL1,Door Ornate 03,Wooden Bars,
0307,IMG1,PAL1,Door Ornate 04,Arched Grid,
0308,IMG1,PAL1,Door Ornate 05,Block Lock,
0309,IMG1,PAL1,Door Ornate 06,Corner Lock,
0310,IMG1,PAL1,Door Ornate 07,Black door (Dungeon Entrance),
0311,IMG1,PAL1,Door Ornate 08,Red Triangle Lock,
0312,IMG1,PAL1,Door Ornate 09,Triangle Lock,
0313,IMG1,PAL1,Door Ornate 10,Ra Door Energy,
0314,IMG1,PAL1,Door Ornate 11,Iron Door Damages,
0315,IMG1,PAL1,Door Switch,,
0316,IMG1,PAL1,Missile 00 (Front),Arrow,
0317,IMG1,PAL1,Missile 00 (Back),Arrow,
0318,IMG1,PAL1,Missile 00 (Side),Arrow,
0319,IMG1,PAL1,Missile 01 (Front),Dagger,
0320,IMG1,PAL1,Missile 01 (Back),Dagger,
0321,IMG1,PAL1,Missile 01 (Side),Dagger,
0322,IMG1,PAL1,Missile 02 (Front),Axe - Hardcleave,
0323,IMG1,PAL1,Missile 02 (Back),Axe - Hardcleave,
0324,IMG1,PAL1,Missile 02 (Side),Axe - Hardcleave,
0325,IMG1,PAL1,Missile 03 (Front),Lightning bolt,
0326,IMG1,PAL1,Missile 03 (Side),Lightning bolt,
0327,IMG1,PAL1,Missile 04 (Front),Slayer,
0328,IMG1,PAL1,Missile 04 (Back),Slayer,
0329,IMG1,PAL1,Missile 04 (Side),Slayer,
0330,IMG1,PAL1,Missile 05 (Front),Stone Club,
0331,IMG1,PAL1,Missile 05 (Back),Stone Club,
0332,IMG1,PAL1,Missile 05 (Side),Stone Club,
0333,IMG1,PAL1,Missile 06 (Front),Club,
0334,IMG1,PAL1,Missile 06 (Back),Club,
0335,IMG1,PAL1,Missile 06 (Side),Club,
0336,IMG1,PAL1,Missile 07 (Front),Poison Dart,
0337,IMG1,PAL1,Missile 07 (Back),Poison Dart,
0338,IMG1,PAL1,Missile 07 (Side),Poison Dart,
0339,IMG1,PAL1,Missile 08 (Front),Bolt Blade - Delta - Diamond Edge - Falchion - Fury - Rapier - Sabre - Samurai Sword - Sword - The Inquisitor,
0340,IMG1,PAL1,Missile 08 (Back),Bolt Blade - Delta - Diamond Edge - Falchion - Fury - Rapier - Sabre - Samurai Sword - Sword - The Inquisitor,
0341,IMG1,PAL1,Missile 08 (Side),Bolt Blade - Delta - Diamond Edge - Falchion - Fury - Rapier - Sabre - Samurai Sword - Sword - The Inquisitor,
0342,IMG1,PAL1,Missile 09 (Front),Throwing Star,
0343,IMG1,PAL1,Missile 09 (Side),Throwing Star,
0344,IMG1,PAL1,Missile 10 (Front),Fireball,
0345,IMG1,PAL1,Missile 11 (Front),Antimaterial,
0346,IMG1,PAL1,Missile 12 (Front),Poison Blob,
0347,IMG1,PAL1,Missile 13 (Front),Poison,
0348,IMG1,PAL1,Explosion 0,Fireball,
0349,IMG1,PAL1,Explosion 1,Antimaterial,
0350,IMG1,PAL1,Explosion 2,Poison,
0351,IMG1,PAL1,Explosion 0 (Light),Fireball,
0352,IMG1,PAL1,Explosion 0 (Medium),Fireball,
0353,IMG1,PAL1,Explosion 0 (Strong),Fireball,
0354,IMG1,PAL1,Explosion 1 (Light),Antimaterial,
0355,IMG1,PAL1,Explosion 1 (Medium),Antimaterial,
0356,IMG1,PAL1,Explosion 1 (Strong),Antimaterial,
0357,IMG1,PAL1,Explosion 2 (Light),Poison,
0358,IMG1,PAL1,Explosion 2 (Medium),Poison,
0359,IMG1,PAL1,Explosion 2 (Strong),Poison,
0360,IMG1,PAL1,Item on floor 00,Chest On Floor,
0361,IMG1,PAL1,Item on floor 01,Chest In Alcove,
0362,IMG1,PAL1,Item on floor 02,Scroll,
0363,IMG1,PAL1,Item on floor 03,Bro Potion - Dane Potion - Ee Potion - Ku Potion - Ma Potion - Neta Potion - Ros Potion - Vi Potion - Water Flask - Ya Potion,
0364,IMG1,PAL1,Item on floor 04,Blue Gem,
0365,IMG1,PAL1,Item on floor 05,Copper Coin - Gold Coin,
0366,IMG1,PAL1,Item on floor 06,Drumstick,
0367,IMG1,PAL1,Item on floor 07,Waterskin (Full),
0368,IMG1,PAL1,Item on floor 08,Elven Doublet - Elven Huke,
0369,IMG1,PAL1,Item on floor 09,Leather Boots,
0370,IMG1,PAL1,Item on floor 10,Basinet - Bezerker Helm - Casque 'n Coif - Dexhelm - Helm Of Darc - Helmet,
0371,IMG1,PAL1,Item on floor 11,Large Shield - Shield Of Darc - Shield Of Lyte - Wooden Shield,
0372,IMG1,PAL1,Item on floor 12,Sling - Snake Staff - Staff - Staff Of Claws - Staff Of Manar - Yew Staff,
0373,IMG1,PAL1,Item on floor 13,Bolt Blade - Delta - Diamond Edge - Falchion - Fury - Rapier - Sabre - Samurai Sword - Sword - The Inquisitor,
0374,IMG1,PAL1,Item on floor 14,Axe - Hardcleave,
0375,IMG1,PAL1,Item on floor 15,Bow,
0376,IMG1,PAL1,Item on floor 16,Ekkhard Cross - Gem Of Ages - Illumulet - Jewel Symal,
0377,IMG1,PAL1,Item on floor 17,Arrow,
0378,IMG1,PAL1,Item on floor 18,Dagger,
0379,IMG1,PAL1,Item on floor 19,Cross Key - Iron Key - Key Of B - Onyx Key - Skeleton Key - Solid Key - Square Key - Tourquoise Key,
0380,IMG1,PAL1,Item on floor 20,Flamebain - Hosen - Leg Mail - Mail Aketon - Mithral Aketon - Mithral Mail,
0381,IMG1,PAL1,Item on floor 21,Plate Of Darc - Plate Of Lyte - Torso Plate,
0382,IMG1,PAL1,Item on floor 22,Mace - Mace Of Order,
0383,IMG1,PAL1,Item on floor 23,Leg Plate - Poleyn Of Darc - Poleyn Of Lyte - Powertowers,
0384,IMG1,PAL1,Item on floor 24,Barbarian Hide - Cape - Cloak Of Night - Leather Jerkin - Leather Pants,
0385,IMG1,PAL1,Item on floor 25,Fine Robe (Body) - Fine robe (Legs) - Ghi - Ghi Trousers - Robe (Body) - Robe (Legs) - Silk Shirt - Tabard,
0386,IMG1,PAL1,Item on floor 26,Bread,
0387,IMG1,PAL1,Item on floor 27,Cheese,
0388,IMG1,PAL1,Item on floor 28,Apple,
0389,IMG1,PAL1,Item on floor 29,Corn,
0390,IMG1,PAL1,Item on floor 30,Suede Boots,
0391,IMG1,PAL1,Item on floor 31,Sceptre of Lyf,
0392,IMG1,PAL1,Item on floor 32,Teowand - Wand,
0393,IMG1,PAL1,Item on floor 33,Dragon Spit,
0394,IMG1,PAL1,Item on floor 34,Morningstar,
0395,IMG1,PAL1,Item on floor 35,Compass,
0396,IMG1,PAL1,Item on floor 36,Torch,
0397,IMG1,PAL1,Item on floor 37,Waterskin (Empty),
0398,IMG1,PAL1,Item on floor 38,Flamitt,
0399,IMG1,PAL1,Item on floor 39,Eye Of Time - Stormring,
0400,IMG1,PAL1,Item on floor 40,The Firestaff,
0401,IMG1,PAL1,Item on floor 41,Ashes,
0402,IMG1,PAL1,Item on floor 42,Bones - Champion Bones,
0403,IMG1,PAL1,Item on floor 43,Vorpal Blade,
0404,IMG1,PAL1,Item on floor 44,Club,
0405,IMG1,PAL1,Item on floor 45,Stone Club,
0406,IMG1,PAL1,Item on floor 46,Crossbow - Speedbow,
0407,IMG1,PAL1,Item on floor 47,Slayer,
0408,IMG1,PAL1,Item on floor 48,Rock,
0409,IMG1,PAL1,Item on floor 49,Poison Dart,
0410,IMG1,PAL1,Item on floor 50,Throwing Star,
0411,IMG1,PAL1,Item on floor 51,Stick,
0412,IMG1,PAL1,Item on floor 52,The Conduit,
0413,IMG1,PAL1,Item on floor 53,Armet - Helm Of Lyte,
0414,IMG1,PAL1,Item on floor 54,Calista - Crown Of Nerra,
0415,IMG1,PAL1,Item on floor 55,Buckler - Hide Shield - Small Shield,
0416,IMG1,PAL1,Item on floor 56,Sandals,
0417,IMG1,PAL1,Item on floor 57,Foot Plate - Greave Of Darc - Greave Of Lyte,
0418,IMG1,PAL1,Item on floor 58,Elven Boots,
0419,IMG1,PAL1,Item on floor 59,Moonstone,
0420,IMG1,PAL1,Item on floor 60,Pendant Feral - The Hellion,
0421,IMG1,PAL1,Item on floor 61,Orange Gem,
0422,IMG1,PAL1,Item on floor 62,Green Gem,
0423,IMG1,PAL1,Item on floor 63,Emerald Key - Gold Key - Master Key - Ra Key - Ruby Key - Sapphire Key - Topaz Key - Winged Key,
0424,IMG1,PAL1,Item on floor 64,Magical Box (Green),
0425,IMG1,PAL1,Item on floor 65,Mirror of Dawn,
0426,IMG1,PAL1,Item on floor 66,Horn of Fear,
0427,IMG1,PAL1,Item on floor 67,Dragon Steack,
0428,IMG1,PAL1,Item on floor 68,Des Potion - Mon Potion - Sar Potion - Um Potion - Ven Potion - Zo Potion,
0429,IMG1,PAL1,Item on floor 69,Ful Bomb - Kath Bomb - Pew Bomb - Ra Bomb,
0430,IMG1,PAL1,Item on floor 70,Blue Pants - Gunna - Kirtle - Tunic,
0431,IMG1,PAL1,Item on floor 71,Worm Round,
0432,IMG1,PAL1,Item on floor 72,Screamer Slice,
0433,IMG1,PAL1,Item on floor 73,Rope,
0434,IMG1,PAL1,Item on floor 74,Rabbit's Foot,
0435,IMG1,PAL1,Item on floor 75,Corbamite - Zokathra Spell,
0436,IMG1,PAL1,Item on floor 76,Choker,
0437,IMG1,PAL1,Item on floor 77,Boulder,
0438,IMG1,PAL1,Item on floor 78,Lock Picks,
0439,IMG1,PAL1,Item on floor 79,Magnifier,
0440,IMG1,PAL1,Item on floor 80,Magical Box (Blue),
0441,IMG1,PAL1,Item on floor 81,Empty Flask,
0442,IMG1,PAL1,Item on floor 82,Boots of Speed,
0443,IMG1,PAL1,Item on floor 83,The Firestaff (Complete),
0444,IMG1,PAL1,Item on floor 84,Silver Coin,
0445,IMG1,PAL1,Item on floor 85,Halter,
0446,IMG1,PAL1,Creature 00 (Front),Giant Scorpion,
0447,IMG1,PAL1,Creature 00 (Side),Giant Scorpion,
0448,IMG1,PAL1,Creature 00 (Back),Giant Scorpion,
0449,IMG1,PAL1,Creature 00 (Attack),Giant Scorpion,
0450,IMG1,PAL1,Creature 01 (Front),Swamp Slime,
0451,IMG1,PAL1,Creature 01 (Attack),Swamp Slime,
0452,IMG1,PAL1,Creature 02 (Front),Giggler,
0453,IMG1,PAL1,Creature 02 (Side),Giggler,
0454,IMG1,PAL1,Creature 02 (Back),Giggler,
0455,IMG1,PAL1,Creature 02 (Attack),Giggler,
0456,IMG1,PAL1,Creature 03 (Front),Wizard Eye,
0457,IMG1,PAL1,Creature 03 (Attack),Wizard Eye,
0458,IMG1,PAL1,Creature 04 (Front),Pain Rat,
0459,IMG1,PAL1,Creature 04 (Side),Pain Rat,
0460,IMG1,PAL1,Creature 04 (Back),Pain Rat,
0461,IMG1,PAL1,Creature 04 (Attack),Pain Rat,
0462,IMG1,PAL1,Creature 05 (Front),Ruster,
0463,IMG1,PAL1,Creature 05 (Side),Ruster,
0464,IMG1,PAL1,Creature 05 (Back),Ruster,
0465,IMG1,PAL1,Creature 06 (Front),Screamer,
0466,IMG1,PAL1,Creature 06 (Attack),Screamer,
0467,IMG1,PAL1,Creature 07 (Front),Rockpile,
0468,IMG1,PAL1,Creature 07 (Attack),Rockpile,
0469,IMG1,PAL1,Creature 08 (Front),Ghost,
0470,IMG1,PAL1,Creature 08 (Attack),Ghost,
0471,IMG1,PAL1,Creature 09 (Front),Stone Golem,
0472,IMG1,PAL1,Creature 09 (Side),Stone Golem,
0473,IMG1,PAL1,Creature 09 (Back),Stone Golem,
0474,IMG1,PAL1,Creature 09 (Attack),Stone Golem,
0475,IMG1,PAL1,Creature 10 (Front),Mummy,
0476,IMG1,PAL1,Creature 10 (Side),Mummy,
0477,IMG1,PAL1,Creature 10 (Back),Mummy,
0478,IMG1,PAL1,Creature 10 (Attack),Mummy,
0479,IMG1,PAL1,Creature 11 (Front),Black Flame,
0480,IMG1,PAL1,Creature 11 (Attack),Black Flame,
0481,IMG1,PAL1,Creature 12 (Front),Skeleton,
0482,IMG1,PAL1,Creature 12 (Side),Skeleton,
0483,IMG1,PAL1,Creature 12 (Back),Skeleton,
0484,IMG1,PAL1,Creature 12 (Attack),Skeleton,
0485,IMG1,PAL1,Creature 13 (Front),Couatl,
0486,IMG1,PAL1,Creature 13 (Side),Couatl,
0487,IMG1,PAL1,Creature 13 (Back),Couatl,
0488,IMG1,PAL1,Creature 13 (Attack),Couatl,
0489,IMG1,PAL1,Creature 14 (Front),Vexirk,
0490,IMG1,PAL1,Creature 14 (Side),Vexirk,
0491,IMG1,PAL1,Creature 14 (Back),Vexirk,
0492,IMG1,PAL1,Creature 14 (Attack),Vexirk,
0493,IMG1,PAL1,Creature 15 (Front),Magenta Worm,
0494,IMG1,PAL1,Creature 15 (Side),Magenta Worm,
0495,IMG1,PAL1,Creature 15 (Back),Magenta Worm,
0496,IMG1,PAL1,Creature 15 (Attack),Magenta Worm,
0497,IMG1,PAL1,Creature 16 (Front),Trolin,
0498,IMG1,PAL1,Creature 16 (Side),Trolin,
0499,IMG1,PAL1,Creature 16 (Back),Trolin,
0500,IMG1,PAL1,Creature 16 (Attack),Trolin,
0501,IMG1,PAL1,Creature 17 (Front),Giant Wasp,
0502,IMG1,PAL1,Creature 17 (Side),Giant Wasp,
0503,IMG1,PAL1,Creature 17 (Back),Giant Wasp,
0504,IMG1,PAL1,Creature 17 (Attack),Giant Wasp,
0505,IMG1,PAL1,Creature 18 (Front),Animated Armour,
0506,IMG1,PAL1,Creature 18 (Side),Animated Armour,
0507,IMG1,PAL1,Creature 18 (Back),Animated Armour,
0508,IMG1,PAL1,Creature 18 (Attack),Animated Armour,
0509,IMG1,PAL1,Creature 19 (Front1),Materializer,
0510,IMG1,PAL1,Creature 19 (Front2),Materializer,
0511,IMG1,PAL1,Creature 19 (Front3),Materializer,
0512,IMG1,PAL1,Creature 19 (Attack),Materializer,
0513,IMG1,PAL1,Creature 20 (Front),Water Elemental,
0514,IMG1,PAL1,Creature 20 (Attack),Water Elemental,
0515,IMG1,PAL1,Creature 21 (Front),Oitu,
0516,IMG1,PAL1,Creature 21 (Side),Oitu,
0517,IMG1,PAL1,Creature 21 (Back),Oitu,
0518,IMG1,PAL1,Creature 21 (Attack),Oitu,
0519,IMG1,PAL1,Creature 22 (Front),Demon,
0520,IMG1,PAL1,Creature 22 (Side),Demon,
0521,IMG1,PAL1,Creature 22 (Back),Demon,
0522,IMG1,PAL1,Creature 22 (Attack),Demon,
0523,IMG1,PAL1,Creature 23 (Front),Lord Chaos,
0524,IMG1,PAL1,Creature 23 (Side),Lord Chaos,
0525,IMG1,PAL1,Creature 23 (Back),Lord Chaos,
0526,IMG1,PAL1,Creature 23 (Attack),Lord Chaos,
0527,IMG1,PAL1,Creature 24 (Front),Red Dragon,
0528,IMG1,PAL1,Creature 24 (Side),Red Dragon,
0529,IMG1,PAL1,Creature 24 (Back),Red Dragon,
0530,IMG1,PAL1,Creature 24 (Attack),Red Dragon,
0531,IMG1,PAL1,Creature 25 (Front),Lord Order,
0532,IMG1,PAL1,Creature 26 (Front),Grey Lord,
0533,SND2,SPR1,Sound 00,Falling item,
0534,SND2,SPR1,Sound 01,Switch,
0535,SND2,SPR1,Sound 02,Door,
0536,SND2,SPR1,Sound 03,Attack (Trolin - Stone Golem) - Touching Wall,
0537,SND2,SPR1,Sound 04,Exploding Fireball,
0538,IMG1,PAL1,Noisy image 16x9,,
0539,SND2,SPR1,Sound 05,Falling and Dying,
0540,SND2,SPR1,Sound 06,Swallowing,
0541,SND2,SPR1,Sound 07,Champion Wounded 1,
0542,SND2,SPR1,Sound 08,Champion Wounded 2,
0543,SND2,SPR1,Sound 09,Champion Wounded 3,
0544,SND2,SPR1,Sound 10,Champion Wounded 4,
0545,SND2,SPR1,Sound 11,Exploding Spell,
0546,SND2,SPR1,Sound 12,Attack (Skeleton - Animated Armour - Party Slash),
0547,SND2,SPR1,Sound 13,Teleporting,
0548,IMG1,PAL1,Noisy image 16x9,,
0549,SND2,SPR1,Sound 14,Running Into A Wall,
0550,SND2,SPR1,Sound 15,Attack (Pain Rat - Red Dragon),
0551,SND2,SPR1,Sound 16,Attack (Mummy - Ghost),
0552,SND2,SPR1,Sound 17,Attack (Screamer - Oitu),
0553,SND2,SPR1,Sound 18,Attack (Giant Scorpion),
0554,SND2,SPR1,Sound 19,Attack (Magenta Worm),
0555,SND2,SPR1,Sound 20,Attack (Giggler),
0556,TXT1,NULL,Items Names,,
0557,FNT1,NULL,Font Used For Interface And Scrolls,,
0558,RAW1,NULL,Various Data,Structure described in CSBwin source code,
0559,RAW1,NULL,Various Data,Structure described in CSBwin source code,
0560,RAW1,NULL,Various Data,Structure described in CSBwin source code,
0561,RAW1,NULL,Various Data,Structure described in CSBwin source code,
0562,RAW1,NULL,Various Data,Structure described in CSBwin source code,
0563,SND2,SPR1,Sound 21,Move (Animated Armour),
0564,SND2,SPR1,Sound 22,Move (Giant Wasp - Couatl),
0565,SND2,SPR1,Sound 23,Move (Mummy - Trolin - Stone Golem - Giggler - Vexirk - Demon),
0566,SND2,SPR1,Sound 24,Blowing Horn Of Fear,
0567,SND2,SPR1,Sound 25,Move (Screamer - Rockpile - Magenta Worm - Pain Rat - Ruster - Giant Scorpion - Oitu),
0568,SND2,SPR1,Sound 26,Move (Swamp Slime - Water Elemental),
0569,SND2,SPR1,Sound 27,War Cry,
0570,SND2,SPR1,Sound 28,Attack (Rockpile),
0571,SND2,SPR1,Sound 29,Attack (Water Elemental),
0572,SND2,SPR1,Sound 30,Attack (Couatl),
0573,SND2,SPR1,Sound 31,Move (Red Dragon),
0574,SND2,SPR1,Sound 32,Move (Skeleton),