MAPFORMATVERSION=2.0,MAPVERSION=1.4,ENDIAN=LITTLE,FORMAT=ROM,ROMIMG.PAL=PALETTE_INGAME!0
# Author: Pierre Monnot
# Author: Christophe Fontanel
# Date: 04-FEB-2007
000000a,RAW1,SIZE=512,Header,Super Magicom (SMC) or Super Wildcard (SWC) header, ROM starts after this header documented in sneskart.txt
000000b,RAW1,SIZE=814,Code,NMI-VBL Vector,
000814,P5B2,ID=PALETTE_INGAME,Main palette,,Palette used in game,
001326,RAW1,SIZE=135,,,
001461,RAW1,SIZE=2590,Code,Not sure,
004051,OFFSET4,NUMBER=4,Offsets,Items 154535 and 154577,
004067,RAW1,SIZE=2542,Code,Not sure,
006609,RAW1,SIZE=2512,Code,0B3B38-2B6B,
009121,RAW1,SIZE=2791,,,
011912,RAW1,SIZE=4081,Code,Not sure,
015993,RAW1,SIZE=36,,,
016029,TXT2,LINES=199,Item Names,Probably TILEMAP1 items,
018035,PALSEL,SIZE=32&ID=PALSEL1,Palette indexes of item graphics in items 999470,,
018067,PALSEL,SIZE=32&ID=PALSEL2,Palette indexes of item graphics in items 999471,,
018099,PALSEL,SIZE=32&ID=PALSEL3,Palette indexes of item graphics in items 999472,,
018131,PALSEL,SIZE=32&ID=PALSEL4,Palette indexes of item graphics in items 999473,,
018163,PALSEL,SIZE=32&ID=PALSEL5,Palette indexes of item graphics in items 999474,,
018195,PALSEL,SIZE=32&ID=PALSEL6,Palette indexes of item graphics in items 999475,,
018227,PALSEL,SIZE=32&ID=PALSEL7,Palette indexes of item graphics in items 999476,,
018259,RAW1,SIZE=342,Code,Not sure,
018601,TXT2,LINES=6&ID=TXT2_CHAMPIONS_NAMES,Champions names,More than 5 characters long names for level gain display as text,
018646,RAW1,SIZE=5377,Code,0B3B38-2B6B,
024023,RAW1,SIZE=4201,,,
028224,RAW1,SIZE=3004,Code,0B3B38-2B6B,
031228,RAW2,SIZE=1476,Padding,,
032704,ECI,NULL,Embedded Cartridge Information,documented in sneskart.txt,
032768,RAW1,SIZE=976,Code,Reset Vector,
033744,ROMGH,ID=ROMGH,Graphics.dat header,,Size 2087 bytes
035831,RAW1,SIZE=2763,Code,0B3B38-2B6B,
038594,RAW1,SIZE=542,,,
039136,TILEMAP1D,SIZE=2&WIDTH=1&HEIGHT=2&TILES=TILES_1x2_ATTACKS_NAMES_FONT,Short attack name 01,'N',Ends with ignored 00
039138,TILEMAP1D,SIZE=6&WIDTH=5&HEIGHT=2&TILES=TILES_1x2_ATTACKS_NAMES_FONT,Short attack name 02,'BLOCK',Ends with ignored 00
039144,TILEMAP1D,SIZE=5&WIDTH=4&HEIGHT=2&TILES=TILES_1x2_ATTACKS_NAMES_FONT,Short attack name 03,'CHOP',Ends with ignored 00
039149,TILEMAP1D,SIZE=2&WIDTH=1&HEIGHT=2&TILES=TILES_1x2_ATTACKS_NAMES_FONT,Short attack name 04,'X',Ends with ignored 00
039151,TILEMAP1D,SIZE=9&WIDTH=8&HEIGHT=2&TILES=TILES_1x2_ATTACKS_NAMES_FONT,Long attack name 01,'BLOW HORN',Ends with ignored 00
039160,TILEMAP1D,SIZE=5&WIDTH=4&HEIGHT=2&TILES=TILES_1x2_ATTACKS_NAMES_FONT,Short attack name 05,'FLIP',Ends with ignored 00
039165,TILEMAP1D,SIZE=6&WIDTH=5&HEIGHT=2&TILES=TILES_1x2_ATTACKS_NAMES_FONT,Short attack name 06,'PUNCH',Ends with ignored 00
039171,TILEMAP1D,SIZE=5&WIDTH=4&HEIGHT=2&TILES=TILES_1x2_ATTACKS_NAMES_FONT,Short attack name 07,'KICK',Ends with ignored 00
039176,TILEMAP1D,SIZE=8&WIDTH=7&HEIGHT=2&TILES=TILES_1x2_ATTACKS_NAMES_FONT,Short attack name 08,'WAR CRY',Ends with ignored 00
039184,TILEMAP1D,SIZE=5&WIDTH=4&HEIGHT=2&TILES=TILES_1x2_ATTACKS_NAMES_FONT,Short attack name 09,'STAB',Ends with ignored 00
039189,TILEMAP1D,SIZE=9&WIDTH=8&HEIGHT=2&TILES=TILES_1x2_ATTACKS_NAMES_FONT,Long attack name 02,'CLIMB DOWN',Ends with ignored 00
039198,TILEMAP1D,SIZE=9&WIDTH=8&HEIGHT=2&TILES=TILES_1x2_ATTACKS_NAMES_FONT,Long attack name 03,'FREEZE LIFE',Ends with ignored 00
039207,TILEMAP1D,SIZE=4&WIDTH=3&HEIGHT=2&TILES=TILES_1x2_ATTACKS_NAMES_FONT,Short attack name 10,'HIT',Ends with ignored 00
039211,TILEMAP1D,SIZE=6&WIDTH=5&HEIGHT=2&TILES=TILES_1x2_ATTACKS_NAMES_FONT,Short attack name 11,'SWING',Ends with ignored 00
039217,TILEMAP1D,SIZE=5&WIDTH=4&HEIGHT=2&TILES=TILES_1x2_ATTACKS_NAMES_FONT,Short attack name 12,'STAB',Ends with ignored 00
039222,TILEMAP1D,SIZE=7&WIDTH=6&HEIGHT=2&TILES=TILES_1x2_ATTACKS_NAMES_FONT,Short attack name 13,'THRUST',Ends with ignored 00
039229,TILEMAP1D,SIZE=4&WIDTH=3&HEIGHT=2&TILES=TILES_1x2_ATTACKS_NAMES_FONT,Short attack name 14,'JAB',Ends with ignored 00
039233,TILEMAP1D,SIZE=6&WIDTH=5&HEIGHT=2&TILES=TILES_1x2_ATTACKS_NAMES_FONT,Short attack name 15,'PARRY',Ends with ignored 00
039239,TILEMAP1D,SIZE=5&WIDTH=4&HEIGHT=2&TILES=TILES_1x2_ATTACKS_NAMES_FONT,Short attack name 16,'HACK',Ends with ignored 00
039244,TILEMAP1D,SIZE=8&WIDTH=7&HEIGHT=2&TILES=TILES_1x2_ATTACKS_NAMES_FONT,Short attack name 17,'BERZERK',Ends with ignored 00
039252,TILEMAP1D,SIZE=9&WIDTH=8&HEIGHT=2&TILES=TILES_1x2_ATTACKS_NAMES_FONT,Short attack name 18,'FIREBALL',Ends with ignored 00
039261,TILEMAP1D,SIZE=8&WIDTH=7&HEIGHT=2&TILES=TILES_1x2_ATTACKS_NAMES_FONT,Short attack name 19,'DISPELL',Ends with ignored 00
039269,TILEMAP1D,SIZE=8&WIDTH=7&HEIGHT=2&TILES=TILES_1x2_ATTACKS_NAMES_FONT,Short attack name 20,'CONFUSE',Ends with ignored 00
039277,TILEMAP1D,SIZE=9&WIDTH=8&HEIGHT=2&TILES=TILES_1x2_ATTACKS_NAMES_FONT,Long attack name 04,'LIGHTNING',Ends with ignored 00
039286,TILEMAP1D,SIZE=8&WIDTH=7&HEIGHT=2&TILES=TILES_1x2_ATTACKS_NAMES_FONT,Short attack name 21,'DISRUPT',Ends with ignored 00
039294,TILEMAP1D,SIZE=6&WIDTH=5&HEIGHT=2&TILES=TILES_1x2_ATTACKS_NAMES_FONT,Short attack name 22,'MELEE',Ends with ignored 00
039300,TILEMAP1D,SIZE=2&WIDTH=1&HEIGHT=2&TILES=TILES_1x2_ATTACKS_NAMES_FONT,Short attack name 23,'X',Ends with ignored 00
039302,TILEMAP1D,SIZE=7&WIDTH=6&HEIGHT=2&TILES=TILES_1x2_ATTACKS_NAMES_FONT,Short attack name 24,'INVOKE',Ends with ignored 00
039309,TILEMAP1D,SIZE=6&WIDTH=5&HEIGHT=2&TILES=TILES_1x2_ATTACKS_NAMES_FONT,Short attack name 25,'SLASH',Ends with ignored 00
039315,TILEMAP1D,SIZE=7&WIDTH=6&HEIGHT=2&TILES=TILES_1x2_ATTACKS_NAMES_FONT,Short attack name 26,'CLEAVE',Ends with ignored 00
039322,TILEMAP1D,SIZE=5&WIDTH=4&HEIGHT=2&TILES=TILES_1x2_ATTACKS_NAMES_FONT,Short attack name 27,'BASH',Ends with ignored 00
039327,TILEMAP1D,SIZE=5&WIDTH=4&HEIGHT=2&TILES=TILES_1x2_ATTACKS_NAMES_FONT,Short attack name 28,'STUN',Ends with ignored 00
039332,TILEMAP1D,SIZE=6&WIDTH=5&HEIGHT=2&TILES=TILES_1x2_ATTACKS_NAMES_FONT,Short attack name 29,'SHOOT',Ends with ignored 00
039338,TILEMAP1D,SIZE=9&WIDTH=8&HEIGHT=2&TILES=TILES_1x2_ATTACKS_NAMES_FONT,Long attack name 05,'SPELL SHIELD',Ends with ignored 00
039347,TILEMAP1D,SIZE=9&WIDTH=8&HEIGHT=2&TILES=TILES_1x2_ATTACKS_NAMES_FONT,Long attack name 06,'FIRE SHIELD',Ends with ignored 00
039356,TILEMAP1D,SIZE=9&WIDTH=8&HEIGHT=2&TILES=TILES_1x2_ATTACKS_NAMES_FONT,Short attack name 30,'FLUXCAGE',Ends with ignored 00
039365,TILEMAP1D,SIZE=5&WIDTH=4&HEIGHT=2&TILES=TILES_1x2_ATTACKS_NAMES_FONT,Short attack name 31,'HEAL',Ends with ignored 00
039370,TILEMAP1D,SIZE=5&WIDTH=4&HEIGHT=2&TILES=TILES_1x2_ATTACKS_NAMES_FONT,Short attack name 32,'CALM',Ends with ignored 00
039375,TILEMAP1D,SIZE=6&WIDTH=5&HEIGHT=2&TILES=TILES_1x2_ATTACKS_NAMES_FONT,Short attack name 33,'LIGHT',Ends with ignored 00
039381,TILEMAP1D,SIZE=7&WIDTH=6&HEIGHT=2&TILES=TILES_1x2_ATTACKS_NAMES_FONT,Short attack name 34,'WINDOW',Ends with ignored 00
039388,TILEMAP1D,SIZE=5&WIDTH=4&HEIGHT=2&TILES=TILES_1x2_ATTACKS_NAMES_FONT,Short attack name 35,'SPIT',Ends with ignored 00
039393,TILEMAP1D,SIZE=9&WIDTH=8&HEIGHT=2&TILES=TILES_1x2_ATTACKS_NAMES_FONT,Short attack name 36,'BRANDISH',Ends with ignored 00
039402,TILEMAP1D,SIZE=6&WIDTH=5&HEIGHT=2&TILES=TILES_1x2_ATTACKS_NAMES_FONT,Short attack name 37,'THROW',Ends with ignored 00
039408,TILEMAP1D,SIZE=5&WIDTH=4&HEIGHT=2&TILES=TILES_1x2_ATTACKS_NAMES_FONT,Short attack name 38,'FUSE',Ends with ignored 00
039413,RAW1,SIZE=383,,,
039796,RAW1,SIZE=3127,Code,0B3B38-2B6B,
042923,RAW1,SIZE=2,Bytes 00 00,
042925,TILEMAP1D,SIZE=9&WIDTH=8&HEIGHT=2&TILES=TILES_1x2_ATTACKS_NAMES_FONT,'CAN'T REACH' (Long attack name),Ends with ignored 00
042934,TILEMAP1D,SIZE=9&WIDTH=8&HEIGHT=2&TILES=TILES_1x2_ATTACKS_NAMES_FONT,'NEED AMMO' (Long attack name),Ends with ignored 00
042943,RAW1,SIZE=6323,Code,0B3B38-2B6B,
049266,TXT2,LINES=5,Texts,Some texts,
049398,RAW1,SIZE=9562,Code,0B3B38-2B6B,
058960,RAW1,SIZE=3120,,,
062080,RAW2,SIZE=3456,Padding,Until end of bank,
065536,RAW1,SIZE=2806,Code,0B3B38-2B6B,
068342,RAW1,SIZE=24,Bytes 00 00 01 00 02 00 04 00 08 00 10 00 20 00 40 00 80 00 00 01 00 02 00 04,,
068366,RAW1,SIZE=4653,Code,0B3B38-2B6B,
073019,RAW1,SIZE=128,,,
073147,TXT2,LINES=1,Save game name,'DM SFX SAVE DATA',
073164,RAW1,SIZE=1235,Code,0B3B38-2B6B,Maybe data at end
074399,OFFSET3,NUMBER=10,Offsets,Ten next items,
074429,RAW1,SIZE=10,Bytes 00 00 00 00 00 00 00 00 00 00,,
074439,RAW1,SIZE=10,Bytes 00 00 20 00 00 00 00 20 00 00,,
074449,RAW1,SIZE=10,Bytes 00 20 20 20 20 20 20 20 20 20,,
074459,RAW1,SIZE=10,Bytes 00 20 00 20 00 20 00 20 00 00,,
074469,RAW1,SIZE=10,Bytes 00 20 00 20 20 20 00 20 20 00,,
074479,RAW1,SIZE=10,Bytes 00 20 00 20 00 20 00 00 20 00,,
074489,RAW1,SIZE=10,Bytes 00 20 00 20 00 20 00 20 20 00,,
074499,RAW1,SIZE=10,Bytes 00 20 00 20 00 20 20 20 20 00,,
074509,RAW1,SIZE=10,Bytes 00 20 20 20 00 00 00 20 20 00,,
074519,RAW1,SIZE=10,Bytes 00 00 00 00 00 00 00 00 00 00,,
074529,RAW1,SIZE=17236,Code,0B3B38-2B6B,Maybe some data inside
091765,P5B2,ID=PALETTE_GAMEOVER,Palette for Game Over message,,
092277,P5B2,ID=PALETTE_END_OF_GAME,Palette for the end of game sequence,,
092789,TILEMAP2,SIZE=1199&COMP=SNES3&WIDTH=32&HEIGHT=100&PAL=PALETTE_END_OF_GAME&TILES=TILES_INTRO_LIGHTNING_TEXT,Text,End,
093988,RAW1,SIZE=2880,Probably Tilemaps,,
096868,P5B2,ID=PALETTE_CREDITS_MAPS,Palette for credits and maps at the end of game,,
097380,RAW2,SIZE=924,Padding,Until end of bank,
098304,RAW1,SIZE=1172,Code,0B3B38-2B6B,Maybe data at end
099476,TXT2,LINES=8,Text,'It is too bad you did not discover etc...',
099799,SNES558,ID=558&SIZE=4769,Graphics characteristics,SNES 558 item,
104568,RAW1,SIZE=7678,Code,0B3B38-2B6B,
112246,PALSEL,SIZE=24&ID=PALSEL8,Palette indexes of champion portraits in item 999480,,
112270,RAW1,SIZE=14902,Code,0B3B38-2B6B,
127172,RAW2,SIZE=3900,Padding,Until end of bank,
131072,RAW1,SIZE=6364,Code,0B3B38-2B6B,Maybe some values between functions
137436,RAW1,SIZE=4672,Offsets,256 bytes - 16 offsets - 17 256 bytes blocks,
142108,RAW1,SIZE=317,Code,0B3B38-2B6B,Maybe some values between functions
142425,TILEMAP2H,PAL=PALETTE_INGAME&TILES=TILES_INTERFACE1,Arrows,,
142565,TILEMAP2H,PAL=PALETTE_INGAME&TILES=TILES_INTERFACE1,Arrows,,
142705,TILEMAP2H,PAL=PALETTE_INGAME&TILES=TILES_INTERFACE3,Overlay mask to gray out arrows,,
142845,TILEMAP2H,PAL=PALETTE_INGAME&TILES=TILES_INTERFACE1,Arrow Turn Right (Normal Mode),,
142865,TILEMAP2H,PAL=PALETTE_INGAME&TILES=TILES_INTERFACE1,Arrow Turn Left (Normal Mode),,
142885,TILEMAP2H,PAL=PALETTE_INGAME&TILES=TILES_INTERFACE1,Arrow Forward (Normal Mode),,
142913,TILEMAP2H,PAL=PALETTE_INGAME&TILES=TILES_INTERFACE1,Arrow Right (Normal Mode),,
142941,TILEMAP2H,PAL=PALETTE_INGAME&TILES=TILES_INTERFACE1,Arrow Left (Normal Mode),,
142969,TILEMAP2H,PAL=PALETTE_INGAME&TILES=TILES_INTERFACE1,Arrow Back (Normal Mode),,
143013,TILEMAP2H,PAL=PALETTE_INGAME&TILES=TILES_INTERFACE1&TILES=TILES_INTERFACE2,Arrow Turn Right Clicked (Normal Mode),,
143033,TILEMAP2H,PAL=PALETTE_INGAME&TILES=TILES_INTERFACE1&TILES=TILES_INTERFACE2,Arrow Turn Left Clicked (Normal Mode),,
143053,TILEMAP2H,PAL=PALETTE_INGAME&TILES=TILES_INTERFACE1&TILES=TILES_INTERFACE2,Arrow Forward Clicked (Normal Mode),,
143081,TILEMAP2H,PAL=PALETTE_INGAME&TILES=TILES_INTERFACE1&TILES=TILES_INTERFACE2,Arrow Right Clicked (Normal Mode),,
143109,TILEMAP2H,PAL=PALETTE_INGAME&TILES=TILES_INTERFACE1&TILES=TILES_INTERFACE2,Arrow Left Clicked (Normal Mode),,
143137,TILEMAP2H,PAL=PALETTE_INGAME&TILES=TILES_INTERFACE1&TILES=TILES_INTERFACE2,Arrow Back Clicked (Normal Mode),,
143181,TILEMAP2H,PAL=PALETTE_INGAME&TILES=TILES_INTERFACE1,Arrow Turn Right (Move Mode),,
143201,TILEMAP2H,PAL=PALETTE_INGAME&TILES=TILES_INTERFACE1,Arrow Turn Left (Move Mode),,
143221,TILEMAP2H,PAL=PALETTE_INGAME&TILES=TILES_INTERFACE1,Arrow Forward (Move Mode),,
143249,TILEMAP2H,PAL=PALETTE_INGAME&TILES=TILES_INTERFACE1,Arrow Right (Move Mode),,
143277,TILEMAP2H,PAL=PALETTE_INGAME&TILES=TILES_INTERFACE1,Arrow Left (Move Mode),,
143305,TILEMAP2H,PAL=PALETTE_INGAME&TILES=TILES_INTERFACE1,Arrow Back (Move Mode),,
143349,TILEMAP2H,PAL=PALETTE_INGAME&TILES=TILES_INTERFACE1&TILES=TILES_INTERFACE2,Arrow Right Clicked (Move Mode),,
143369,TILEMAP2H,PAL=PALETTE_INGAME&TILES=TILES_INTERFACE1&TILES=TILES_INTERFACE2,Arrow Turn Left Clicked (Move Mode),,
143389,TILEMAP2H,PAL=PALETTE_INGAME&TILES=TILES_INTERFACE1&TILES=TILES_INTERFACE2,Arrow Forward Clicked (Move Mode),,
143417,TILEMAP2H,PAL=PALETTE_INGAME&TILES=TILES_INTERFACE1&TILES=TILES_INTERFACE2,Arrow Right Clicked (Move Mode),,
143445,TILEMAP2H,PAL=PALETTE_INGAME&TILES=TILES_INTERFACE1&TILES=TILES_INTERFACE2,Arrow Left Clicked (Move Mode),,
143473,TILEMAP2H,PAL=PALETTE_INGAME&TILES=TILES_INTERFACE1&TILES=TILES_INTERFACE2,Arrow Back Clicked (Move Mode),,
143517,TILEMAP2H,PAL=PALETTE_INGAME&TILES=TILES_INTERFACE1&TILES=TILES_INTERFACE2&TILES=TILES_INTERFACE3&TILES=TILES_1x1_FONT,56 512 tiles 14x2 Zone for item name display,,
143585,TILEMAP2H,PAL=PALETTE_INGAME,Attack names in attack menu,Dynamic tiles from BG2,
143693,TILEMAP2H,PAL=PALETTE_INGAME&TILES=TILES_INTERFACE3,Explosion for damage inflicted,,
143801,TILEMAP2H,PAL=PALETTE_INGAME,Damage inflicted to creature over explosion,Dynamic tiles from BG2,
143845,TILEMAP2H,PAL=PALETTE_INGAME&TILES=TILES_INTERFACE1&TILES=TILES_INTERFACE2&TILES=TILES_INTERFACE3&TILES=TILES_1x1_FONT,80 8x5 Middle of FoodWater zone in inventory,,
143937,TILEMAP2H,PAL=PALETTE_INGAME,Bottom screen text message zone,Dynamic tiles from BG2 in TILES_1x1_FONT,,
144033,TILEMAP2H8,PAL=PALETTE_INGAME&TILES=TILES_INTERFACE1,Champion small panel,On top of screen,
144083,TILEMAP2H8,PAL=PALETTE_INGAME&TILES=TILES_INTERFACE1&TILES=TILES_INTERFACE2,Champion small panel,On top of screen (Dead),
144133,OFFSET4,NUMBER=4,Offsets,Next four TILEMAP2H,
144149,TILEMAP2H,PAL=PALETTE_INGAME&TILES=TILES_INTERFACE1&TILES=TILES_INTERFACE2,Rune selection panel 1,,
144225,TILEMAP2H,PAL=PALETTE_INGAME&TILES=TILES_INTERFACE1&TILES=TILES_INTERFACE2,Rune selection panel 2,,
144301,TILEMAP2H,PAL=PALETTE_INGAME&TILES=TILES_INTERFACE1&TILES=TILES_INTERFACE2,Rune selection panel 3,,
144377,TILEMAP2H,PAL=PALETTE_INGAME&TILES=TILES_INTERFACE1&TILES=TILES_INTERFACE2,Rune selection panel 4,,
144453,OFFSET4,NUMBER=4,Offsets,Next four TILEMAP2H,
144469,TILEMAP2H,PAL=PALETTE_INGAME&TILES=TILES_INTERFACE1,Runes 1,,
144497,TILEMAP2H,PAL=PALETTE_INGAME&TILES=TILES_INTERFACE1,Runes 2,,
144525,TILEMAP2H,PAL=PALETTE_INGAME&TILES=TILES_INTERFACE1,Runes 3,,
144553,TILEMAP2H,PAL=PALETTE_INGAME&TILES=TILES_INTERFACE1,Runes 4,,
144581,TILEMAP2H,PAL=PALETTE_INGAME&TILES=TILES_INTERFACE1&TILES=TILES_INTERFACE2&TILES=TILES_INTERFACE3&TILES=TILES_1x1_FONT,2x1 right of current spell,,
144597,TILEMAP2H,PAL=PALETTE_INGAME&TILES=TILES_INTERFACE1&TILES=TILES_INTERFACE2&TILES=TILES_INTERFACE3&TILES=TILES_1x1_FONT,2x1 right of current spell,,
144613,TILEMAP2H8,PAL=PALETTE_INGAME&TILES=TILES_INTERFACE3,Border Blue,,
144629,TILEMAP2H8,PAL=PALETTE_INGAME&TILES=TILES_INTERFACE3,Border Red,,
144645,TILEMAP2H8,PAL=PALETTE_INGAME&TILES=TILES_INTERFACE3,Border White,,
144661,TILEMAP2H8,PAL=PALETTE_INGAME&TILES=TILES_INTERFACE3,Border Black,,
144677,TILEMAP2H8,PAL=PALETTE_INGAME&TILES=TILES_INTERFACE1&TILES=TILES_INTERFACE2,Attack menu background,,
144717,TILEMAP2H8,PAL=PALETTE_INGAME&TILES=TILES_INTERFACE1,Black zone to erase an attack menu,,
144757,TILEMAP2H,PAL=PALETTE_INGAME&TILES=TILES_INTERFACE1&TILES=TILES_INTERFACE2,Frames for 3 action names,,
144897,TILEMAP2H,PAL=PALETTE_INGAME&TILES=TILES_INTERFACE1&TILES=TILES_INTERFACE2,Frames for 2 action names,,
145005,TILEMAP2H,PAL=PALETTE_INGAME&TILES=TILES_INTERFACE1&TILES=TILES_INTERFACE2,Frames for 1 action name,,
145081,TILEMAP2H,PAL=PALETTE_INGAME&TILES=TILES_INTERFACE1&TILES=TILES_INTERFACE2,Frame for 1st action name,,
145125,TILEMAP2H,PAL=PALETTE_INGAME&TILES=TILES_INTERFACE1&TILES=TILES_INTERFACE2,Frame for 2nd action name,,
145169,TILEMAP2H,PAL=PALETTE_INGAME&TILES=TILES_INTERFACE1&TILES=TILES_INTERFACE2,Frame for 3rd action name,,
145213,TILEMAP2H,PAL=PALETTE_INGAME&TILES=TILES_INTERFACE1&TILES=TILES_INTERFACE2&TILES=TILES_INTERFACE3&TILES=TILES_1x1_FONT,3x1 top right of bar above attack menu,,
145231,TILEMAP2H,PAL=PALETTE_INGAME&TILES=TILES_INTERFACE1&TILES=TILES_INTERFACE2,Frame for 1st action name (selected),,
145275,TILEMAP2H,PAL=PALETTE_INGAME&TILES=TILES_INTERFACE1&TILES=TILES_INTERFACE2,Frame for 2nd action name (selected),,
145319,TILEMAP2H,PAL=PALETTE_INGAME&TILES=TILES_INTERFACE1&TILES=TILES_INTERFACE2,Frame for 3rd action name (selected),,
145363,TILEMAP2H,PAL=PALETTE_INGAME&TILES=TILES_INTERFACE1&TILES=TILES_INTERFACE2&TILES=TILES_INTERFACE3&TILES=TILES_1x1_FONT,3x1 top right of bar above attack menu,,
145381,TILEMAP2H,PAL=PALETTE_INGAME&TILES=TILES_INTERFACE3,Overlay mask to gray out attack menu,,
145521,RAW1,SIZE=44,Maybe tilemap,,
145565,TILEMAP2H,PAL=PALETTE_INGAME&TILES=TILES_INTERFACE3,Black zone to erase whole attack menu,,
145689,TILEMAP2H8,PAL=PALETTE_INGAME&TILES=TILES_INTERFACE3,Champion hit displayed over its name,,
145707,TILEMAP2H8,PAL=PALETTE_INGAME&TILES=TILES_INTERFACE3,Champion hit displayed over its portrait,,
145733,TILEMAP2H,PAL=PALETTE_INGAME&TILES=TILES_INTERFACE1&TILES=TILES_INTERFACE2,Open scroll to display text,,
146165,TILEMAP2H,PAL=PALETTE_INGAME,Text on open scroll (1x1 tiles characters),Dynamic tiles from BG2,
146345,TILEMAP2H,PAL=PALETTE_INGAME,Zzz text when sleeping,Dynamic tiles from BG2 in TILES_1x2_FONT,
146389,TILEMAP2H,PAL=PALETTE_INGAME&TILES=TILES_INTERFACE1&TILES=TILES_INTERFACE2,Window to display item details,,
146821,TILEMAP2H,PAL=PALETTE_INGAME,Text on open scroll,Dynamic tiles from BG2,2x1 tiles characters)
147001,RAW1,SIZE=16,Offsets,,
147017,TILEMAP2,WIDTH=21&HEIGHT=12&PAL=PALETTE_INGAME&TILES=TILES_INTERFACE1&TILES=TILES_INTERFACE2,Champions skills panel view 1,,
147521,TILEMAP2,WIDTH=21&HEIGHT=12&PAL=PALETTE_INGAME&TILES=TILES_INTERFACE1&TILES=TILES_INTERFACE2,Champion skills panel view 2,,
148025,TILEMAP2,WIDTH=21&HEIGHT=6&PAL=PALETTE_INGAME&TILES=TILES_INTERFACE1&TILES=TILES_INTERFACE2,Bottom of champion skills panel,,
148277,TILEMAP2,WIDTH=21&HEIGHT=16&PAL=PALETTE_INGAME&TILES=TILES_INTERFACE1&TILES=TILES_INTERFACE2,Champion statistics panel,,
148949,TILEMAP2H,PAL=PALETTE_INGAME&TILES=TILES_INTERFACE1,'Move mode' message,,
148975,TILEMAP2H,PAL=PALETTE_INGAME&TILES=TILES_INTERFACE1,Black zone to erase 'Move mode' message,,
149001,TILEMAP2H,PAL=PALETTE_INGAME&TILES=TILES_INTERFACE1&TILES=TILES_INTERFACE2,Poisoned (High),,
149055,OFFSET4,NUMBER=4,Offsets,Next four TILEMAP2H8,
149071,TILEMAP2H8,PAL=PALETTE_INGAME&TILES=TILES_INTERFACE1&TILES=TILES_INTERFACE2,Color bar above runes Green,,
149087,TILEMAP2H8,PAL=PALETTE_INGAME&TILES=TILES_INTERFACE1&TILES=TILES_INTERFACE2,Color bar above runes Yellow,,
149103,TILEMAP2H8,PAL=PALETTE_INGAME&TILES=TILES_INTERFACE1&TILES=TILES_INTERFACE2,Color bar above runes Red,,
149119,TILEMAP2H8,PAL=PALETTE_INGAME&TILES=TILES_INTERFACE1&TILES=TILES_INTERFACE2,Color bar above runes Blue,,
149135,TILEMAP2H,PAL=PALETTE_INGAME&TILES=TILES_INTERFACE3,Anti-Fire Off,,
149155,TILEMAP2H,PAL=PALETTE_INGAME&TILES=TILES_INTERFACE3,Shield Off,,
149175,TILEMAP2H,PAL=PALETTE_INGAME&TILES=TILES_INTERFACE3,Anti-Magic Off,,
149195,TILEMAP2H,PAL=PALETTE_INGAME&TILES=TILES_INTERFACE3,Anti-Fire On,,
149215,TILEMAP2H,PAL=PALETTE_INGAME&TILES=TILES_INTERFACE3,Shield On,,
149235,TILEMAP2H,PAL=PALETTE_INGAME&TILES=TILES_INTERFACE3,Anti-Magic On,,
149255,TILEMAP2H,PAL=PALETTE_INGAME&TILES=TILES_INTERFACE3,Anti-Fire Shield Anti-Magic icons,,
149291,TILEMAP2,WIDTH=4&HEIGHT=7&PAL=PALETTE_INGAME,Unknown,,
149347,TILEMAP2H,PAL=PALETTE_INGAME&TILES=TILES_INTERFACE1,Open chest in inventory,,
149539,TILEMAP2H,PAL=PALETTE_INGAME&TILES=TILES_INTERFACE1&TILES=TILES_INTERFACE2,Food Water zzZ,,
149731,TILEMAP2H,PAL=PALETTE_INGAME&TILES=TILES_INTERFACE1&TILES=TILES_INTERFACE2,Poisoned (High),,
149785,TILEMAP2H,PAL=PALETTE_INGAME&TILES=TILES_INTERFACE1,OOD from FOOD,,
149839,TILEMAP2H,PAL=PALETTE_INGAME&TILES=TILES_INTERFACE1&TILES=TILES_INTERFACE2&TILES=TILES_INTERFACE3&TILES=TILES_1x1_FONT,Reincarnate Input name screen 1,,
150523,TILEMAP2H,PAL=PALETTE_INGAME&TILES=TILES_1x1_FONT,Text for reincarnate input name,alt,WRONG PALETTE
150841,ROMIMG3,TMWIDTH=12&TMHEIGHT=3&PAL=PALETTE_INGAME!1&ID=TILES_INTERFACES4,Interface Parts 4,,
151993,TILEMAP2H8,PAL=PALETTE_INGAME,Item name display 1,Dynamic tiles from BG2,
152057,TILEMAP2H8,PAL=PALETTE_INGAME,Item name display 2,Dynamic tiles from BG2,
152121,TILEMAP2H8,PAL=PALETTE_INGAME,Item name display 3,Dynamic tiles from BG2,
152185,TILEMAP2H8,PAL=PALETTE_INGAME&TILES=TILES_INTERFACE3,Empty Portrait,,
152211,TILEMAP2H,PAL=PALETTE_INGAME&TILES=TILES_INTERFACE1&TILES=TILES_INTERFACE2,Inventory screen with Food and Water,,
152895,TILEMAP2H,PAL=PALETTE_INGAME&TILES=TILES_INTERFACE1&TILES=TILES_INTERFACE2,Inventory screen with Resurrect Reincarnate buttons,,
153579,TILEMAP2H,PAL=PALETTE_INGAME&TILES=TILES_INTERFACE1&TILES=TILES_INTERFACE2,Inventory screen with open chest,H and A Missing!,
154263,TILEMAP2H,PAL=PALETTE_INGAME&TILES=TILES_INTERFACE1&TILES=TILES_INTERFACE2&TILES=TILES_INTERFACE3&TILES=TILES_1x1_FONT,7x4 1st champion block,,
154331,TILEMAP2H,PAL=PALETTE_INGAME&TILES=TILES_INTERFACE1&TILES=TILES_INTERFACE2&TILES=TILES_INTERFACE3&TILES=TILES_1x1_FONT,7x4 2nd champion block,,
154399,TILEMAP2H,PAL=PALETTE_INGAME&TILES=TILES_INTERFACE1&TILES=TILES_INTERFACE2&TILES=TILES_INTERFACE3&TILES=TILES_1x1_FONT,7x4 3rd champion block,,
154467,TILEMAP2H,PAL=PALETTE_INGAME&TILES=TILES_INTERFACE1&TILES=TILES_INTERFACE2&TILES=TILES_INTERFACE3&TILES=TILES_1x1_FONT,7x4 4th champion block,,
154535,TILEMAP2H,PAL=PALETTE_INGAME&TILES=TILES_INTERFACE3,Champion portrait with borders,Only visible in game,
154577,TILEMAP2H,PAL=PALETTE_INGAME&TILES=TILES_INTERFACE1,Black zone to erase zone where FoodWaterOpenChest is displayed,,
154749,TILEMAP2H,PAL=PALETTE_INGAME&TILES=TILES_INTERFACE1,,Only 00s,
154795,TILEMAP2H,PAL=PALETTE_INGAME,Dungeon view,Dynamic tiles from BG0,
155479,TILEMAP2H,PAL=PALETTE_INGAME&TILES=TILES_INTERFACE1&TILES=TILES_INTERFACE2,,Champion Levels panel broken,
156163,TILEMAP2H,PAL=PALETTE_INGAME&TILES=TILES_INTERFACE1&TILES=TILES_INTERFACE2,,Champion Statistics panel broken,
156847,TILEMAP2H,PAL=PALETTE_INGAME&TILES=TILES_INTERFACE1&TILES=TILES_INTERFACE2&TILES=TILES_INTERFACE3,Panel broken,,
157531,TILEMAP2H,PAL=PALETTE_INGAME&TILES=TILES_INTERFACE1&TILES=TILES_INTERFACE2&TILES=TILES_INTERFACE3&TILES=TILES_1x1_FONT,Reincarnate Input name screen 1,,
158215,RAW1,SIZE=1907,Code,Not sure,
160122,P5B1,ID=PALETTE_DRAGON_DIALOG_BOX_0,16 colors palette to replace PALETTE_INGAME!0 when Dragon dialog box is displayed,,
160154,P5B1,ID=PALETTE_DRAGON_DIALOG_BOX_1,Unused 16 colors palette to replace PALETTE_INGAME!1 when Dragon dialog box is displayed,,
160186,OFFSET4,NUMBER=8,Offsets,Unknown Offsets 160228 160238 160244 160250 160260 160270 160276 160282,
160218,RAW1,SIZE=2,Bytes 02 00,,
160220,OFFSET4,NUMBER=2,Offsets,Unknown Offsets 160288 160295,
160228,RAW1,SIZE=2,Bytes 02 00,,
160230,OFFSET4,NUMBER=2,Offsets,Unknown Offsets 160305 160310,
160238,RAW1,SIZE=2,Bytes 01 00,,
160240,OFFSET4,NUMBER=1,Offsets,Unknown Offsets 160317,
160244,RAW1,SIZE=2,Bytes 01 00,,
160246,OFFSET4,NUMBER=1,Offsets,Unknown Offsets 160327,
160250,RAW1,SIZE=2,Bytes 02 00,,
160252,OFFSET4,NUMBER=2,Offsets,Unknown Offsets 160288 160338,
160260,RAW1,SIZE=2,Bytes 03 00,,
160262,OFFSET4,NUMBER=2,Offsets,Unknown Offsets 160347 160352,
160270,RAW1,SIZE=2,Bytes 01 00,,
160272,OFFSET4,NUMBER=1,Offsets,Unknown Offsets 160362,
160276,RAW1,SIZE=2,Bytes 01 00,,
160278,OFFSET4,NUMBER=1,Offsets,Unknown Offsets 160373,
160282,RAW1,SIZE=2,Bytes 01 00,,
160284,OFFSET4,NUMBER=1,Offsets,Unknown Offsets 160395,
160288,TXT2,LINES=15,Text,Texts for interface,
160418,RAW1,SIZE=30,Unknown,,
160448,RAW2,SIZE=3392,Padding,Until end of bank,
163840,RAW1,SIZE=2886,Code,Not sure,
166726,SPRITEMAP,PAL=PALETTE_END_OF_GAME!8&TILES=TILES_END_GREY_LORD&TILETYPE=0,End - Grey Lord 1,,
166888,SPRITEMAP,PAL=PALETTE_END_OF_GAME!8&TILES=TILES_END_GREY_LORD&TILETYPE=0,End - Grey Lord 2,,
167042,RAW2,SIZE=48,Torch animation information,3x16 bytes records (X-Y-spritemaps offsets),
167090,SPRITEMAP,PAL=PALETTE_END_OF_GAME!9&TILES=TILES_END_GREY_LORD&TILETYPE=1,End - Big torch 1,,
167124,SPRITEMAP,PAL=PALETTE_END_OF_GAME!9&TILES=TILES_END_GREY_LORD&TILETYPE=1,End - Big torch 2,,
167158,SPRITEMAP,PAL=PALETTE_END_OF_GAME!9&TILES=TILES_END_GREY_LORD&TILETYPE=1,End - Big torch 3,,
167192,SPRITEMAP,PAL=PALETTE_END_OF_GAME!9&TILES=TILES_END_GREY_LORD&TILETYPE=1,End - Torch 1,,
167218,SPRITEMAP,PAL=PALETTE_END_OF_GAME!9&TILES=TILES_END_GREY_LORD&TILETYPE=1,End - Torch 2,,
167244,SPRITEMAP,PAL=PALETTE_END_OF_GAME!9&TILES=TILES_END_GREY_LORD&TILETYPE=1,End - Torch 3,,
167270,SPRITEMAP,PAL=PALETTE_END_OF_GAME!9&TILES=TILES_END_GREY_LORD&TILETYPE=1,End - Small torch 1,,
167288,SPRITEMAP,PAL=PALETTE_END_OF_GAME!9&TILES=TILES_END_GREY_LORD&TILETYPE=1,End - Small torch 2,,
167306,SPRITEMAP,PAL=PALETTE_END_OF_GAME!9&TILES=TILES_END_GREY_LORD&TILETYPE=1,End - Small torch 3,,
167324,RAW1,SIZE=6848,Code,0B3B38-2B6B,
174172,TXT2,LINES=4,Champion skills names,Maybe tilemap1,
174200,RAW1,SIZE=8,Bytes 00 00 1F 03 3E 06 5D 09,Maybe coordinate for TXT2 skills,
174208,OFFSET4,NUMBER=8,2x4 duplicate offsets in TXT2 item 174172,,
174240,TXT2,LINES=10,Text,Texts for interface,
174335,RAW1,SIZE=3892,Code,0B3B38-2B6B,
178227,RAW1,SIZE=147,Maybe part of next tilemap,,
178374,TILEMAP2,WIDTH=17&HEIGHT=7&PAL=PALETTE_INGAME&TILES=TILES_1x1_FONT,Text for reincarnate input name,,
178612,RAW1,SIZE=34,Maybe part of previous tilemap,,
178646,TXT2,LINES=2,Text,'_  ''Input name',
178665,RAW1,SIZE=8423,Code,0B3B38-2B6B,
187088,RAW1,SIZE=64,Offsets,,
187152,RAW1,SIZE=4174,Code,0B3B38-2B6B,
191326,TXT2,LINES=2,Text,' just gained a '' level',
191353,RAW1,SIZE=1359,Code,Not sure,
192712,RAW2,SIZE=3896,Padding,Until end of bank,
196608,RAW1,SIZE=2792,Code,Not sure,
199400,P5B2,ID=PALETTE_MENU_INTRO,Palette for Main Menu and Introduction sequence,,
199912,SPRITEMAP2,PAL=PALETTE_MENU_INTRO!10&TILES=TILES_MAIN_MENU_MASTER&TILETYPE=4,Main Menu - 'Master',,
199994,SPRITEMAP2,PAL=PALETTE_MENU_INTRO!10&TILES=TILES_MAIN_MENU_MASTER&TILETYPE=0,Main Menu - Copyrights,,
200220,SPRITEMAP2,PAL=PALETTE_MENU_INTRO!10&TILES=TILES_MAIN_MENU_MASTER&TILETYPE=0,Main Menu - 'Push start button',,
200287,SPRITEMAP2,PAL=PALETTE_MENU_INTRO!10&TILES=TILES_MAIN_MENU_MASTER&TILETYPE=0,Main Menu - Erase 'Push start button',,
200354,SPRITEMAP,PAL=PALETTE_MENU_INTRO!10&TILES=TILES_MAIN_MENU_MASTER&TILETYPE=0,Main Menu - 'New Game',,
200452,SPRITEMAP,PAL=PALETTE_MENU_INTRO!10&TILES=TILES_MAIN_MENU_MASTER&TILETYPE=0,Main Menu - 'Load Game',,
200550,SPRITEMAP,PAL=PALETTE_MENU_INTRO!8&TILES=TILES_INTRO_GREY_LORD_DRAGON&TILETYPE=3,Introduction - Grey Lord,,
200712,SPRITEMAP,PAL=PALETTE_MENU_INTRO!10&TILES=TILES_VICTOR&TILETYPE=3,Unknown,Is TILETYPE3,TODO=TILESET
200874,SPRITEMAP,PAL=PALETTE_MENU_INTRO!9&TILES=TILES_INTRO_GREY_LORD_DRAGON&TILETYPE=3,Introduction - Dragon,,
201140,SPRITEMAP,PAL=PALETTE_DUNGEON_ENTRANCE!9&TILES=TILES_ENTRANCE_DOORS&TILETYPE=1,Dungeon Entrance - Door Right,,
201358,SPRITEMAP,PAL=PALETTE_DUNGEON_ENTRANCE!9&TILES=TILES_ENTRANCE_DOORS&TILETYPE=1,Dungeon Entrance - Door Left,,
201576,P5B2,ID=PALETTE_CIRCLES_ANIMATION,Palettes for circles palette animation in introduction,Items 204451-205263,
202088,RAW1,SIZE=11,Bytes 1E 0A 28 05 1E 14 1E 16 0A 0F FF,,
202099,P5B2,ID=PALETTE_DUNGEON_ENTRANCE,Palette for the Dungeon Entrance,,
202611,RAW2,SIZE=1448,Main Menu - 'Dungeon' animation sequence,Unknown encoding,
204059,TILEMAP2H,PAL=PALETTE_MENU_INTRO&TILES=TILES_VICTOR,'Victor' Logo,,
204161,TILEMAP1,WIDTH=29&HEIGHT=10&PAL=PALETTE_MENU_INTRO!1&TILES=TILES_MAIN_MENU_DUNGEON,Main Menu 'Dungeon',,
204451,TILEMAP2H,PAL=PALETTE_MENU_INTRO&TILES=TILES_INTRO_CIRCLES1,Introduction - Circles 1,Uses PALETTE_CIRCLES_ANIMATION!0 to !7 for animation,
205263,TILEMAP2H,PAL=PALETTE_MENU_INTRO&TILES=TILES_INTRO_CIRCLES2,Introduction - Circles 2,Uses PALETTE_CIRCLES_ANIMATION!8 to !15 for animation,
206075,TILEMAP2H,PAL=PALETTE_MENU_INTRO&TILES=TILES_INTRO_LIGHTNING_TEXT,Introduction - Lightning,,
206247,TILEMAP2,SIZE=3552&COMP=SNES3&WIDTH=32&HEIGHT=240&PAL=PALETTE_MENU_INTRO&TILES=TILES_INTRO_LIGHTNING_TEXT,Introduction - Text,,
209799,RAW1,SIZE=7950,Code,0B3B38-2B6B,
217749,RAW1,SIZE=25,Bytes 80 81 82 83 84 85 86 87 88 89 8A 8B 8C 8D 8E 8F 90 91 92 93 94 95 96 20 00,Probably tilemap1 but unknown tileset,JP version has a nice text
217774,TILEMAP1,SIZE=9&WIDTH=8&HEIGHT=1&PAL=PALETTE_INGAME!0&TILES=TILES_1x1_FONT,Champion level name 01,'Neophyte',WRONG PALETTE
217783,TILEMAP1,SIZE=7&WIDTH=6&HEIGHT=1&PAL=PALETTE_INGAME!0&TILES=TILES_1x1_FONT,Champion level name 02,'Novice',WRONG PALETTE
217790,TILEMAP1,SIZE=11&WIDTH=10&HEIGHT=1&PAL=PALETTE_INGAME!0&TILES=TILES_1x1_FONT,Champion level name 03,'Apprentice',WRONG PALETTE
217801,TILEMAP1,SIZE=11&WIDTH=10&HEIGHT=1&PAL=PALETTE_INGAME!0&TILES=TILES_1x1_FONT,Champion level name 04,'Journeyman',WRONG PALETTE
217812,TILEMAP1,SIZE=10&WIDTH=9&HEIGHT=1&PAL=PALETTE_INGAME!0&TILES=TILES_1x1_FONT,Champion level name 05,'Craftsman',WRONG PALETTE
217822,TILEMAP1,SIZE=8&WIDTH=7&HEIGHT=1&PAL=PALETTE_INGAME!0&TILES=TILES_1x1_FONT,Champion level name 06,'Artisan',WRONG PALETTE
217830,TILEMAP1,SIZE=6&WIDTH=5&HEIGHT=1&PAL=PALETTE_INGAME!0&TILES=TILES_1x1_FONT,Champion level name 07,'Adept',WRONG PALETTE
217836,TILEMAP1,SIZE=7&WIDTH=6&HEIGHT=1&PAL=PALETTE_INGAME!0&TILES=TILES_1x1_FONT,Champion level name 08,'Expert',WRONG PALETTE
217843,TILEMAP1,SIZE=9&WIDTH=8&HEIGHT=1&PAL=PALETTE_INGAME!0&TILES=TILES_1x1_FONT,Champion level name 09,'. Master',WRONG PALETTE
217852,TILEMAP1,SIZE=9&WIDTH=8&HEIGHT=1&PAL=PALETTE_INGAME!0&TILES=TILES_1x1_FONT,Champion level name 10,'a Master',WRONG PALETTE
217861,TILEMAP1,SIZE=9&WIDTH=8&HEIGHT=1&PAL=PALETTE_INGAME!0&TILES=TILES_1x1_FONT,Champion level name 11,'b Master',WRONG PALETTE
217870,TILEMAP1,SIZE=9&WIDTH=8&HEIGHT=1&PAL=PALETTE_INGAME!0&TILES=TILES_1x1_FONT,Champion level name 12,'c Master',WRONG PALETTE
217879,TILEMAP1,SIZE=9&WIDTH=8&HEIGHT=1&PAL=PALETTE_INGAME!0&TILES=TILES_1x1_FONT,Champion level name 13,'d Master',WRONG PALETTE
217888,TILEMAP1,SIZE=9&WIDTH=8&HEIGHT=1&PAL=PALETTE_INGAME!0&TILES=TILES_1x1_FONT,Champion level name 14,'e Master',WRONG PALETTE
217897,TILEMAP1,SIZE=11&WIDTH=10&HEIGHT=1&PAL=PALETTE_INGAME!0&TILES=TILES_1x1_FONT,Champion level name 15,'Archmaster',WRONG PALETTE
217908,OFFSET4,NUMBER=15,Offsets,Offsets for previous TXT2,
217968,RAW1,SIZE=8,Bytes 2C 00 2C 00 29 00 28 00,Probably 4 tilemap1,JP a 4 nice tilemaps
217976,TILEMAP1D,SIZE=2&WIDTH=1&HEIGHT=2&TILES=TILES_1x2_FONT,Direction 01,'N' North,
217978,TILEMAP1D,SIZE=2&WIDTH=1&HEIGHT=2&TILES=TILES_1x2_FONT,Direction 02,'E' East,
217980,TILEMAP1D,SIZE=2&WIDTH=1&HEIGHT=2&TILES=TILES_1x2_FONT,Direction 03,'S' South,
217982,TILEMAP1D,SIZE=2&WIDTH=1&HEIGHT=2&TILES=TILES_1x2_FONT,Direction 04,'W' West,
217984,OFFSET4,NUMBER=4,Offsets,Offsets for previous TXT2,
218000,RAW1,SIZE=4,Bytes 2C 00 20 00,Probably 2 tilemap1,
218004,TILEMAP1D,SIZE=11&WIDTH=10&HEIGHT=2&TILES=TILES_1x2_FONT,State name 01,'CONSUMABLE',
218015,TILEMAP1D,SIZE=9&WIDTH=8&HEIGHT=2&TILES=TILES_1x2_FONT,State name 02,'POISONED',
218024,TILEMAP1D,SIZE=7&WIDTH=6&HEIGHT=2&TILES=TILES_1x2_FONT,State name 03,'BROKEN',
218031,TILEMAP1D,SIZE=7&WIDTH=6&HEIGHT=2&TILES=TILES_1x2_FONT,State name 04,'CURSED',
218038,TILEMAP1D,SIZE=12&WIDTH=11&HEIGHT=2&TILES=TILES_1x2_FONT,State name 05,'BURNT OUT',
218050,TILEMAP1D,SIZE=8&WIDTH=7&HEIGHT=2&TILES=TILES_1x2_FONT,State name 06,'EMPTY',
218058,TILEMAP1D,SIZE=15&WIDTH=14&HEIGHT=2&TILES=TILES_1x2_FONT,State name 07,'ALMOST EMPTY',
218073,TILEMAP1D,SIZE=14&WIDTH=13&HEIGHT=2&TILES=TILES_1x2_FONT,State name 08,'ALMOST FULL',
218087,TILEMAP1D,SIZE=7&WIDTH=6&HEIGHT=2&TILES=TILES_1x2_FONT,State name 09,'FULL',
218094,TILEMAP1D,SIZE=13&WIDTH=12&HEIGHT=2&TILES=TILES_1x2_FONT,State name 10,'PARTY FACING',
218107,TILEMAP1,SIZE=8&WIDTH=7&HEIGHT=1&PAL=PALETTE_INGAME!0&TILES=TILES_1x1_FONT,Various text 01,'weight ',WRONG PALETTE
218115,TILEMAP1,SIZE=2&WIDTH=1&HEIGHT=1&PAL=PALETTE_INGAME!0&TILES=TILES_1x1_FONT,Various text 02,'.',WRONG PALETTE
218117,TILEMAP1,SIZE=5&WIDTH=4&HEIGHT=1&PAL=PALETTE_INGAME!0&TILES=TILES_1x1_FONT,Various text 03,' KG.',WRONG PALETTE
218122,TILEMAP1D,SIZE=2&WIDTH=1&HEIGHT=2&TILES=TILES_1x2_FONT,Various text 04,'L',
218124,TILEMAP1D,SIZE=4&WIDTH=3&HEIGHT=2&TILES=TILES_1x2_FONT,Various text 05,''s ',
218128,TILEMAP1D,SIZE=9&WIDTH=8&HEIGHT=2&TILES=TILES_1x2_FONT,Statistic name 01,'STRENGTH',
218137,TILEMAP1D,SIZE=10&WIDTH=9&HEIGHT=2&TILES=TILES_1x2_FONT,Statistic name 02,'DEXTERITY',
218147,TILEMAP1D,SIZE=7&WIDTH=6&HEIGHT=2&TILES=TILES_1x2_FONT,Statistic name 03,'WISDOM',
218154,TILEMAP1D,SIZE=9&WIDTH=8&HEIGHT=2&TILES=TILES_1x2_FONT,Statistic name 04,'VITALITY',
218163,TILEMAP1D,SIZE=11&WIDTH=10&HEIGHT=2&TILES=TILES_1x2_FONT,Statistic name 05,'ANTI-MAGIC',
218174,TILEMAP1D,SIZE=10&WIDTH=9&HEIGHT=2&TILES=TILES_1x2_FONT,Statistic name 06,'ANTI-FIRE',
218184,OFFSET3,NUMBER=7,Offsets,Text Offsets in previous item,
218205,RAW1,SIZE=4,Bytes 20 00 2F 00,Probably 2 tilemap1,
218209,RAW1,SIZE=8511,Code,0B3B38-2B6B,Also Ax0x-2B6B - End with 2B6B6B
226720,RAW1,SIZE=1736,Probably contains tilemap,,
228456,OFFSET4,NUMBER=16,Offsets,Offsets of Forward-Right-Left-Back arrows in normal and move mode (but not turn left and right),
228520,RAW1,SIZE=104,Probably contains tilemap,,
228624,TILEMAP2,SIZE=24&WIDTH=6&HEIGHT=2&PAL=PALETTE_INGAME&TILES=TILES_1x1_FONT,Unknown,,
228648,TILEMAP2,SIZE=36&WIDTH=6&HEIGHT=3&PAL=PALETTE_INGAME&TILES=TILES_1x1_FONT,Unknown,,
228684,TILEMAP2,SIZE=48&WIDTH=6&HEIGHT=4&PAL=PALETTE_INGAME&TILES=TILES_1x1_FONT,Unknown,,
228732,TILEMAP2,SIZE=60&WIDTH=6&HEIGHT=5&PAL=PALETTE_INGAME&TILES=TILES_1x1_FONT,Unknown,,
228792,TILEMAP2,SIZE=24&WIDTH=6&HEIGHT=2&PAL=PALETTE_INGAME&TILES=TILES_1x1_FONT,Unknown,,
228816,TILEMAP2,SIZE=36&WIDTH=6&HEIGHT=3&PAL=PALETTE_INGAME&TILES=TILES_1x1_FONT,Unknown,,
228852,TILEMAP2,SIZE=48&WIDTH=6&HEIGHT=4&PAL=PALETTE_INGAME&TILES=TILES_1x1_FONT,Unknown,,
228900,TILEMAP2,SIZE=60&WIDTH=6&HEIGHT=5&PAL=PALETTE_INGAME&TILES=TILES_1x1_FONT,Unknown,,
228960,OFFSET3,NUMBER=8,Offsets,Offsets of 8 previous items,
228984,RAW1,SIZE=9,Bytes 16 17 18 19 1A 1B 1C 1D 00,Probably tilemap1,
228993,TILEMAP1,SIZE=12&WIDTH=11&HEIGHT=1&PAL=PALETTE_INGAME!0&TILES=TILES_1x1_FONT,Text,'Game frozen',
229005,RAW1,SIZE=16,Bytes 39 00 11 00 71 00 11 00 A9 00 11 00 E1 00 11 00,,
229021,RAW2,SIZE=355,Padding,Until end of bank,
229376,RAW1,SIZE=10554,Code,0B3B38-2B6B,
239930,TILEMAP1,SIZE=34&WIDTH=33&HEIGHT=1&PAL=PALETTE_INGAME!0&TILES=TILES_1x1_FONT,Text,'Welcome back brave adventurers.',
239964,RAW1,SIZE=17100,Code,0B3B38-2B6B,
257064,RAW1,SIZE=24,24 bytes also in TXT3 item 999483 (redundant strings),,
257088,TILEMAP1,SIZE=6&WIDTH=5&HEIGHT=1&PAL=PALETTE_INGAME!0&TILES=TILES_1x1_FONT,Champion name 01,'DAROOU',
257094,ROMCHAMPION,NULL,Champions statistics 01,'DAROOU',
257124,TILEMAP1,SIZE=6&WIDTH=5&HEIGHT=1&PAL=PALETTE_INGAME!0&TILES=TILES_1x1_FONT,Champion name 02,'HALK',
257130,ROMCHAMPION,NULL,Champions statistics 02,'HALK',
257160,TILEMAP1,SIZE=6&WIDTH=5&HEIGHT=1&PAL=PALETTE_INGAME!0&TILES=TILES_1x1_FONT,Champion name 03,'WU TSE',
257166,ROMCHAMPION,NULL,Champions statistics 03,'WU TSE',
257196,TILEMAP1,SIZE=6&WIDTH=5&HEIGHT=1&PAL=PALETTE_INGAME!0&TILES=TILES_1x1_FONT,Champion name 04,'AZIZI',
257202,ROMCHAMPION,NULL,Champions statistics 04,'AZIZI',
257232,TILEMAP1,SIZE=6&WIDTH=5&HEIGHT=1&PAL=PALETTE_INGAME!0&TILES=TILES_1x1_FONT,Champion name 05,'LEIF',
257238,ROMCHAMPION,NULL,Champions statistics 05,'LEIF',
257268,TILEMAP1,SIZE=6&WIDTH=5&HEIGHT=1&PAL=PALETTE_INGAME!0&TILES=TILES_1x1_FONT,Champion name 06,'ELIJA',
257274,ROMCHAMPION,NULL,Champions statistics 06,'ELIJA',
257304,TILEMAP1,SIZE=6&WIDTH=5&HEIGHT=1&PAL=PALETTE_INGAME!0&TILES=TILES_1x1_FONT,Champion name 07,'SYRA',
257310,ROMCHAMPION,NULL,Champions statistics 07,'SYRA',
257340,TILEMAP1,SIZE=6&WIDTH=5&HEIGHT=1&PAL=PALETTE_INGAME!0&TILES=TILES_1x1_FONT,Champion name 08,'TIGGY',
257346,ROMCHAMPION,NULL,Champions statistics 08,'TIGGY',
257376,TILEMAP1,SIZE=6&WIDTH=5&HEIGHT=1&PAL=PALETTE_INGAME!0&TILES=TILES_1x1_FONT,Champion name 09,'IAIDO',
257382,ROMCHAMPION,NULL,Champions statistics 09,'IAIDO',
257412,TILEMAP1,SIZE=6&WIDTH=5&HEIGHT=1&PAL=PALETTE_INGAME!0&TILES=TILES_1x1_FONT,Champion name 10,'ZED',
257418,ROMCHAMPION,NULL,Champions statistics 10,'ZED',
257448,TILEMAP1,SIZE=6&WIDTH=5&HEIGHT=1&PAL=PALETTE_INGAME!0&TILES=TILES_1x1_FONT,Champion name 11,'GANDO',
257454,ROMCHAMPION,NULL,Champions statistics 11,'GANDO',
257484,TILEMAP1,SIZE=6&WIDTH=5&HEIGHT=1&PAL=PALETTE_INGAME!0&TILES=TILES_1x1_FONT,Champion name 12,'STAMM',
257490,ROMCHAMPION,NULL,Champions statistics 12,'STAMM',
257520,TILEMAP1,SIZE=6&WIDTH=5&HEIGHT=1&PAL=PALETTE_INGAME!0&TILES=TILES_1x1_FONT,Champion name 13,'LINFLAS',
257526,ROMCHAMPION,NULL,Champions statistics 13,'LINFLAS',
257556,TILEMAP1,SIZE=6&WIDTH=5&HEIGHT=1&PAL=PALETTE_INGAME!0&TILES=TILES_1x1_FONT,Champion name 14,'WUUF',
257562,ROMCHAMPION,NULL,Champions statistics 14,'WUUF',
257592,TILEMAP1,SIZE=6&WIDTH=5&HEIGHT=1&PAL=PALETTE_INGAME!0&TILES=TILES_1x1_FONT,Champion name 15,'LEYLA',
257598,ROMCHAMPION,NULL,Champions statistics 15,'LEYLA',
257628,TILEMAP1,SIZE=6&WIDTH=5&HEIGHT=1&PAL=PALETTE_INGAME!0&TILES=TILES_1x1_FONT,Champion name 16,'MOPHUS',
257634,ROMCHAMPION,NULL,Champions statistics 16,'MOPHUS',
257664,TILEMAP1,SIZE=6&WIDTH=5&HEIGHT=1&PAL=PALETTE_INGAME!0&TILES=TILES_1x1_FONT,Champion name 17,'CHANI',
257670,ROMCHAMPION,NULL,Champions statistics 17,'CHANI',
257700,TILEMAP1,SIZE=6&WIDTH=5&HEIGHT=1&PAL=PALETTE_INGAME!0&TILES=TILES_1x1_FONT,Champion name 18,'BORIS',
257706,ROMCHAMPION,NULL,Champions statistics 18,'BORIS',
257736,TILEMAP1,SIZE=6&WIDTH=5&HEIGHT=1&PAL=PALETTE_INGAME!0&TILES=TILES_1x1_FONT,Champion name 19,'SONJA',
257742,ROMCHAMPION,NULL,Champions statistics 19,'SONJA',
257772,TILEMAP1,SIZE=6&WIDTH=5&HEIGHT=1&PAL=PALETTE_INGAME!0&TILES=TILES_1x1_FONT,Champion name 20,'HAWK',
257778,ROMCHAMPION,NULL,Champions statistics 20,'HAWK',
257808,TILEMAP1,SIZE=6&WIDTH=5&HEIGHT=1&PAL=PALETTE_INGAME!0&TILES=TILES_1x1_FONT,Champion name 21,'ALEX',
257814,ROMCHAMPION,NULL,Champions statistics 21,'ALEX',
257844,TILEMAP1,SIZE=6&WIDTH=5&HEIGHT=1&PAL=PALETTE_INGAME!0&TILES=TILES_1x1_FONT,Champion name 22,'HISSSSA',
257850,ROMCHAMPION,NULL,Champions statistics 22,'HISSSSA',
257880,TILEMAP1,SIZE=6&WIDTH=5&HEIGHT=1&PAL=PALETTE_INGAME!0&TILES=TILES_1x1_FONT,Champion name 23,'GOTHMOG',
257886,ROMCHAMPION,NULL,Champions statistics 23,'GOTHMOG',
257916,TILEMAP1,SIZE=6&WIDTH=5&HEIGHT=1&PAL=PALETTE_INGAME!0&TILES=TILES_1x1_FONT,Champion name 24,'NABI',
257922,ROMCHAMPION,NULL,Champions statistics 24,'NABI',
257952,RAW2,SIZE=4192,Padding,Until end of bank,
262144,ROMDUNGEON,NULL,Dungeon data,,
999000,ROMIMG,GH=ROMGH&WIDTH=168&HEIGHT=70,Dungeon Graphics - Floor,
999001,ROMIMG,GH=ROMGH&WIDTH=168&HEIGHT=29,Dungeon Graphics - Ceiling,
999002,ROMIMG,GH=ROMGH&WIDTH=24&HEIGHT=94,Dungeon Graphics - Door Right Frame (Front 1),
999003,ROMIMG,GH=ROMGH&WIDTH=24&HEIGHT=123,Dungeon Graphics - Door Left or Right Frame (Front 1),
999004,ROMIMG,GH=ROMGH&WIDTH=24&HEIGHT=94,Dungeon Graphics - Door Left Frame (Front 1),
999005,ROMIMG,GH=ROMGH&WIDTH=36&HEIGHT=65,Dungeon Graphics - Door Left Frame (Front 2),
999006,ROMIMG,GH=ROMGH&WIDTH=24&HEIGHT=44,Dungeon Graphics - Door Left Frame (Front 3),
999007,ROMIMG,GH=ROMGH&WIDTH=24&HEIGHT=43,Dungeon Graphics - Door Left Frame (Left Side 3),
999008,ROMIMG,GH=ROMGH&WIDTH=96&HEIGHT=4,Dungeon Graphics - Door Top Frame (Front 1),
999009,ROMIMG,GH=ROMGH&WIDTH=72&HEIGHT=3,Dungeon Graphics - Door Top Frame (Front 2),
999010,ROMIMG,GH=ROMGH&WIDTH=24&HEIGHT=136,Dungeon Graphics - Wall (Right Side 0),
999011,ROMIMG,GH=ROMGH&WIDTH=24&HEIGHT=136,Dungeon Graphics - Wall (Left Side 0),
999012,ROMIMG,GH=ROMGH&WIDTH=192&HEIGHT=111,Dungeon Graphics - Wall (Front and Sides 1),
999013,ROMIMG,GH=ROMGH&WIDTH=108&HEIGHT=71,Dungeon Graphics - Wall (Front and Sides 2),
999014,ROMIMG,GH=ROMGH&WIDTH=96&HEIGHT=51,Dungeon Graphics - Wall (Front and Sides 3),
999015,ROMIMG,GH=ROMGH&WIDTH=12&HEIGHT=49,Dungeon Graphics - Wall (Far Left Side 3),
999016,ROMIMG,GH=ROMGH&WIDTH=12&HEIGHT=49,Dungeon Graphics - Wall (Far Right Side 3),
999017,ROMIMG,GH=ROMGH&WIDTH=60&HEIGHT=46,Dungeon Graphics - Stairs Up (Front 3 Left),
999018,ROMIMG,GH=ROMGH&WIDTH=72&HEIGHT=46,Dungeon Graphics - Stairs Up (Front 3),
999019,ROMIMG,GH=ROMGH&WIDTH=48&HEIGHT=62,Dungeon Graphics - Stairs Up (Front 2 Left),
999020,ROMIMG,GH=ROMGH&WIDTH=72&HEIGHT=62,Dungeon Graphics - Stairs Up (Front 2),
999021,ROMIMG,GH=ROMGH&WIDTH=24&HEIGHT=100,Dungeon Graphics - Stairs Up (Front 1 Left),
999022,ROMIMG,GH=ROMGH&WIDTH=120&HEIGHT=100,Dungeon Graphics - Stairs Up (Front 1),
999023,ROMIMG,GH=ROMGH&WIDTH=24&HEIGHT=44,Dungeon Graphics - Stairs Up (Front 0),
999024,ROMIMG,GH=ROMGH&WIDTH=60&HEIGHT=41,Dungeon Graphics - Stairs Down (Front 3 Left),
999025,ROMIMG,GH=ROMGH&WIDTH=72&HEIGHT=43,Dungeon Graphics - Stairs Down (Front 3),
999026,ROMIMG,GH=ROMGH&WIDTH=48&HEIGHT=62,Dungeon Graphics - Stairs Down (Front 2 Left),
999027,ROMIMG,GH=ROMGH&WIDTH=72&HEIGHT=62,Dungeon Graphics - Stairs Down (Front 2),
999028,ROMIMG,GH=ROMGH&WIDTH=24&HEIGHT=91,Dungeon Graphics - Stairs Down (Front 1 Left),
999029,ROMIMG,GH=ROMGH&WIDTH=120&HEIGHT=91,Dungeon Graphics - Stairs Down (Front 1),
999030,ROMIMG,GH=ROMGH&WIDTH=24&HEIGHT=60,Dungeon Graphics - Stairs Down (Front 0),
999031,ROMIMG,GH=ROMGH&WIDTH=12&HEIGHT=5,Dungeon Graphics - Stairs (Side 3 Left),
999032,ROMIMG,GH=ROMGH&WIDTH=24&HEIGHT=43,Dungeon Graphics - Stairs Up (Side 2 Left),
999033,ROMIMG,GH=ROMGH&WIDTH=24&HEIGHT=39,Dungeon Graphics - Stairs Down (Side 2 Left),
999034,ROMIMG,GH=ROMGH&WIDTH=14&HEIGHT=13,Dungeon Graphics - Stairs (Side 1),
999035,ROMIMG,GH=ROMGH&WIDTH=36&HEIGHT=41,Door Graphics 0 (Front 3),Porticullis
999036,ROMIMG,GH=ROMGH&WIDTH=48&HEIGHT=61,Door Graphics 0 (Front 2),Porticullis
999037,ROMIMG,GH=ROMGH&WIDTH=72&HEIGHT=88,Door Graphics 0 (Front 1),Porticullis
999038,ROMIMG,GH=ROMGH&WIDTH=36&HEIGHT=41,Door Graphics 1 (Front 3),Wooden Door
999039,ROMIMG,GH=ROMGH&WIDTH=48&HEIGHT=61,Door Graphics 1 (Front 2),Wooden Door
999040,ROMIMG,GH=ROMGH&WIDTH=72&HEIGHT=88,Door Graphics 1 (Front 1),Wooden Door
999041,ROMIMG,GH=ROMGH&WIDTH=36&HEIGHT=41,Door Graphics 2 (Front 3),Iron Door
999042,ROMIMG,GH=ROMGH&WIDTH=48&HEIGHT=61,Door Graphics 2 (Front 2),Iron Door
999043,ROMIMG,GH=ROMGH&WIDTH=72&HEIGHT=88,Door Graphics 2 (Front 1),Iron Door
999044,ROMIMG,GH=ROMGH&WIDTH=36&HEIGHT=41,Door Graphics 3 (Front 3),Ra Door
999045,ROMIMG,GH=ROMGH&WIDTH=48&HEIGHT=61,Door Graphics 3 (Front 2),Ra Door
999046,ROMIMG,GH=ROMGH&WIDTH=72&HEIGHT=88,Door Graphics 3 (Front 1),Ra Door
999047,ROMIMG6,GH=ROMGH&ID=TILES_1x1_FONT,Font,1x1 tiles characters,
999048,ROMIMG,GH=ROMGH,Wall Ornate 00 (Left Side),Wall Inscription Frame
999049,ROMIMG,GH=ROMGH,Wall Ornate 00 (Front),Wall Inscription Frame
999050,ROMIMG,GH=ROMGH,Wall Ornate 01 (Left Side),Square Alcove
999051,ROMIMG,GH=ROMGH&GD=558,Wall Ornate 01 (Front),Square Alcove
999052,ROMIMG,GH=ROMGH,Wall Ornate 02 (Left Side),Vi Altar
999053,ROMIMG,GH=ROMGH,Wall Ornate 02 (Front),Vi Altar
999054,ROMIMG,GH=ROMGH,Wall Ornate 03 (Left Side),Arched Alcove
999055,ROMIMG,GH=ROMGH&GD=558,Wall Ornate 03 (Front),Arched Alcove
999056,ROMIMG,GH=ROMGH,Wall Ornate 04 (Left Side),Hook
999057,ROMIMG,GH=ROMGH,Wall Ornate 04 (Front),Hook
999058,ROMIMG,GH=ROMGH,Wall Ornate 05 (Left Side),Iron Lock
999059,ROMIMG,GH=ROMGH,Wall Ornate 05 (Front),Iron Lock
999060,ROMIMG,GH=ROMGH,Wall Ornate 06 (Left Side),Wood Ring
999061,ROMIMG,GH=ROMGH,Wall Ornate 06 (Front),Wood Ring
999062,ROMIMG,GH=ROMGH,Wall Ornate 07 (Left Side),Small Switch
999063,ROMIMG,GH=ROMGH,Wall Ornate 07 (Front),Small Switch
999064,ROMIMG,GH=ROMGH,Wall Ornate 08 (Left Side),Dent 1
999065,ROMIMG,GH=ROMGH,Wall Ornate 08 (Front),Dent 1
999066,ROMIMG,GH=ROMGH,Wall Ornate 09 (Left Side),Dent 2
999067,ROMIMG,GH=ROMGH,Wall Ornate 09 (Front),Dent 2
999068,ROMIMG,GH=ROMGH,Wall Ornate 10 (Left Side),Iron Ring
999069,ROMIMG,GH=ROMGH,Wall Ornate 10 (Front),Iron Ring
999070,ROMIMG,GH=ROMGH,Wall Ornate 11 (Left Side),Crack
999071,ROMIMG,GH=ROMGH,Wall Ornate 11 (Front),Crack
999072,ROMIMG,GH=ROMGH,Wall Ornate 12 (Left Side),Slime Outlet
999073,ROMIMG,GH=ROMGH,Wall Ornate 12 (Front),Slime Outlet
999074,ROMIMG,GH=ROMGH,Wall Ornate 13 (Left Side),Dent 3
999075,ROMIMG,GH=ROMGH,Wall Ornate 13 (Front),Dent 3
999076,ROMIMG,GH=ROMGH,Wall Ornate 14 (Left Side),Tiny Switch
999077,ROMIMG,GH=ROMGH,Wall Ornate 14 (Front),Tiny Switch
999078,ROMIMG,GH=ROMGH,Wall Ornate 15 (Left Side),Green Switch Out
999079,ROMIMG,GH=ROMGH,Wall Ornate 15 (Front),Green Switch Out
999080,ROMIMG,GH=ROMGH,Wall Ornate 16 (Left Side),Blue Switch Out
999081,ROMIMG,GH=ROMGH,Wall Ornate 16 (Front),Blue Switch Out
999082,ROMIMG,GH=ROMGH,Wall Ornate 17 (Left Side),Coin Slot
999083,ROMIMG,GH=ROMGH,Wall Ornate 17 (Front),Coin Slot
999084,ROMIMG,GH=ROMGH,Wall Ornate 18 (Left Side),Double Iron Lock
999085,ROMIMG,GH=ROMGH,Wall Ornate 18 (Front),Double Iron Lock
999086,ROMIMG,GH=ROMGH,Wall Ornate 19 (Left Side),Square Lock
999087,ROMIMG,GH=ROMGH,Wall Ornate 19 (Front),Square Lock
999088,ROMIMG,GH=ROMGH,Wall Ornate 20 (Left Side),Winged Lock
999089,ROMIMG,GH=ROMGH,Wall Ornate 20 (Front),Winged Lock
999090,ROMIMG,GH=ROMGH,Wall Ornate 21 (Left Side),Onyx Lock
999091,ROMIMG,GH=ROMGH,Wall Ornate 21 (Front),Onyx Lock
999092,ROMIMG,GH=ROMGH,Wall Ornate 22 (Left Side),Stone Lock
999093,ROMIMG,GH=ROMGH,Wall Ornate 22 (Front),Stone Lock
999094,ROMIMG,GH=ROMGH,Wall Ornate 23 (Left Side),Cross Lock
999095,ROMIMG,GH=ROMGH,Wall Ornate 23 (Front),Cross Lock
999096,ROMIMG,GH=ROMGH,Wall Ornate 24 (Left Side),Topaz Lock
999097,ROMIMG,GH=ROMGH,Wall Ornate 24 (Front),Topaz Lock
999098,ROMIMG,GH=ROMGH,Wall Ornate 25 (Left Side),Skeleton Lock
999099,ROMIMG,GH=ROMGH,Wall Ornate 25 (Front),Skeleton Lock
999100,ROMIMG,GH=ROMGH,Wall Ornate 26 (Left Side),Gold Lock
999101,ROMIMG,GH=ROMGH,Wall Ornate 26 (Front),Gold Lock
999102,ROMIMG,GH=ROMGH,Wall Ornate 27 (Left Side),Tourquoise Lock
999103,ROMIMG,GH=ROMGH,Wall Ornate 27 (Front),Tourquoise Lock
999104,ROMIMG,GH=ROMGH,Wall Ornate 28 (Left Side),Emerald Lock
999105,ROMIMG,GH=ROMGH,Wall Ornate 28 (Front),Emerald Lock
999106,ROMIMG,GH=ROMGH,Wall Ornate 29 (Left Side),Ruby Lock
999107,ROMIMG,GH=ROMGH,Wall Ornate 29 (Front),Ruby Lock
999108,ROMIMG,GH=ROMGH,Wall Ornate 30 (Left Side),Ra Lock
999109,ROMIMG,GH=ROMGH,Wall Ornate 30 (Front),Ra Lock
999110,ROMIMG,GH=ROMGH,Wall Ornate 31 (Left Side),Master Lock
999111,ROMIMG,GH=ROMGH,Wall Ornate 31 (Front),Master Lock
999112,ROMIMG,GH=ROMGH,Wall Ornate 32 (Left Side),Gem Hole
999113,ROMIMG,GH=ROMGH,Wall Ornate 32 (Front),Gem Hole
999114,ROMIMG,GH=ROMGH,Wall Ornate 33 (Left Side),Slime
999115,ROMIMG,GH=ROMGH,Wall Ornate 33 (Front),Slime
999116,ROMIMG,GH=ROMGH,Wall Ornate 34 (Left Side),Grate
999117,ROMIMG,GH=ROMGH,Wall Ornate 34 (Front),Grate
999118,ROMIMG,GH=ROMGH,Wall Ornate 35 (Left Side),Fountain
999119,ROMIMG,GH=ROMGH,Wall Ornate 35 (Front),Fountain
999120,ROMIMG,GH=ROMGH,Wall Ornate 36 (Left Side),Manacles
999121,ROMIMG,GH=ROMGH,Wall Ornate 36 (Front),Manacles
999122,ROMIMG,GH=ROMGH,Wall Ornate 37 (Left Side),Ghoul's Head
999123,ROMIMG,GH=ROMGH,Wall Ornate 37 (Front),Ghoul's Head
999124,ROMIMG,GH=ROMGH,Wall Ornate 38 (Left Side),Empty Torch Holder
999125,ROMIMG,GH=ROMGH,Wall Ornate 38 (Front),Empty Torch Holder
999126,ROMIMG,GH=ROMGH,Wall Ornate 39 (Left Side),Scratches
999127,ROMIMG,GH=ROMGH,Wall Ornate 39 (Front),Scratches
999128,ROMIMG,GH=ROMGH,Wall Ornate 40 (Left Side),Poison Holes
999129,ROMIMG,GH=ROMGH,Wall Ornate 40 (Front),Poison Holes
999130,ROMIMG,GH=ROMGH,Wall Ornate 41 (Left Side),Fireball Holes
999131,ROMIMG,GH=ROMGH,Wall Ornate 41 (Front),Fireball Holes
999132,ROMIMG,GH=ROMGH,Wall Ornate 42 (Left Side),Dagger Holes
999133,ROMIMG,GH=ROMGH,Wall Ornate 42 (Front),Dagger Holes
999134,ROMIMG,GH=ROMGH,Wall Ornate 43 (Left Side),Champion Mirror
999135,ROMIMG,GH=ROMGH,Wall Ornate 43 (Front),Champion Mirror
999136,ROMIMG,GH=ROMGH,Wall Ornate 44 (Left Side),Lever Up
999137,ROMIMG,GH=ROMGH,Wall Ornate 44 (Front),Lever Up
999138,ROMIMG,GH=ROMGH,Wall Ornate 45 (Left Side),Lever Down
999139,ROMIMG,GH=ROMGH,Wall Ornate 45 (Front),Lever Down
999140,ROMIMG,GH=ROMGH,Wall Ornate 46 (Left Side),Full Torch Holder
999141,ROMIMG,GH=ROMGH,Wall Ornate 46 (Front),Full Torch Holder
999142,ROMIMG,GH=ROMGH,Wall Ornate 47 (Left Side),Red Switch Out
999143,ROMIMG,GH=ROMGH,Wall Ornate 47 (Front),Red Switch Out
999144,ROMIMG,GH=ROMGH,Wall Ornate 48 (Left Side),Eye Switch
999145,ROMIMG,GH=ROMGH,Wall Ornate 48 (Front),Eye Switch
999146,ROMIMG,GH=ROMGH,Wall Ornate 49 (Left Side),Big Switch Out
999147,ROMIMG,GH=ROMGH,Wall Ornate 49 (Front),Big Switch Out
999148,ROMIMG,GH=ROMGH,Wall Ornate 50 (Left Side),Crack Switch Out
999149,ROMIMG,GH=ROMGH,Wall Ornate 50 (Front),Crack Switch Out
999150,ROMIMG,GH=ROMGH,Wall Ornate 51 (Left Side),Green Switch In
999151,ROMIMG,GH=ROMGH,Wall Ornate 51 (Front),Green Switch In
999152,ROMIMG,GH=ROMGH,Wall Ornate 52 (Left Side),Blue Switch In
999153,ROMIMG,GH=ROMGH,Wall Ornate 52 (Front),Blue Switch In
999154,ROMIMG,GH=ROMGH,Wall Ornate 53 (Left Side),Red Switch In
999155,ROMIMG,GH=ROMGH,Wall Ornate 53 (Front),Red Switch In
999156,ROMIMG,GH=ROMGH,Wall Ornate 54 (Left Side),Big Switch In
999157,ROMIMG,GH=ROMGH,Wall Ornate 54 (Front),Big Switch In
999158,ROMIMG,GH=ROMGH,Wall Ornate 55 (Left Side),Crack Switch In
999159,ROMIMG,GH=ROMGH,Wall Ornate 55 (Front),Crack Switch In
999160,ROMIMG,GH=ROMGH,Wall Ornate 56 (Left Side),Amalgam (Encased Gem)
999161,ROMIMG,GH=ROMGH,Wall Ornate 56 (Front),Amalgam (Encased Gem)
999162,ROMIMG,GH=ROMGH,Wall Ornate 57 (Left Side),Amalgam (Free Gem)
999163,ROMIMG,GH=ROMGH,Wall Ornate 57 (Front),Amalgam (Free Gem)
999164,ROMIMG,GH=ROMGH,Wall Ornate 58 (Left Side),Amalgam (Without Gem)
999165,ROMIMG,GH=ROMGH,Wall Ornate 58 (Front),Amalgam (Without Gem)
999166,ROMIMG,GH=ROMGH,Wall Ornate 59 (Left Side),Lord Order (Outside)
999167,ROMIMG,GH=ROMGH,Wall Ornate 59 (Front),Lord Order (Outside)
999168,ROMIMG,GH=ROMGH&GD=558,Floor ornate 00 (Left Side 3),Footprints
999169,ROMIMG,GH=ROMGH&GD=558,Floor ornate 00 (Front 3),Footprints
999170,ROMIMG,GH=ROMGH&GD=558,Floor ornate 00 (Left Side 2),Footprints
999171,ROMIMG,GH=ROMGH&GD=558,Floor ornate 00 (Front 2),Footprints
999172,ROMIMG,GH=ROMGH&GD=558,Floor ornate 00 (Left Side 1),Footprints
999173,ROMIMG,GH=ROMGH&GD=558,Floor ornate 00 (Front 1),Footprints
999174,ROMIMG,GH=ROMGH&GD=558,Floor ornate 01 (Left Side 3),Square Grate
999175,ROMIMG,GH=ROMGH&GD=558,Floor ornate 01 (Front 3),Square Grate
999176,ROMIMG,GH=ROMGH&GD=558,Floor ornate 01 (Left Side 2),Square Grate
999177,ROMIMG,GH=ROMGH&GD=558,Floor ornate 01 (Front 2),Square Grate
999178,ROMIMG,GH=ROMGH&GD=558,Floor ornate 01 (Left Side 1),Square Grate
999179,ROMIMG,GH=ROMGH&GD=558,Floor ornate 01 (Front 1),Square Grate
999180,ROMIMG,GH=ROMGH&GD=558,Floor ornate 02 (Left Side 3),Square Pressure Pad
999181,ROMIMG,GH=ROMGH&GD=558,Floor ornate 02 (Front 3),Square Pressure Pad
999182,ROMIMG,GH=ROMGH&GD=558,Floor ornate 02 (Left Side 2),Square Pressure Pad
999183,ROMIMG,GH=ROMGH&GD=558,Floor ornate 02 (Front 2),Square Pressure Pad
999184,ROMIMG,GH=ROMGH&GD=558,Floor ornate 02 (Left Side 1),Square Pressure Pad
999185,ROMIMG,GH=ROMGH&GD=558,Floor ornate 02 (Front 1),Square Pressure Pad
999186,ROMIMG,GH=ROMGH&GD=558,Floor ornate 03 (Left Side 3),Moss
999187,ROMIMG,GH=ROMGH&GD=558,Floor ornate 03 (Front 3),Moss
999188,ROMIMG,GH=ROMGH&GD=558,Floor ornate 03 (Left Side 2),Moss
999189,ROMIMG,GH=ROMGH&GD=558,Floor ornate 03 (Front 2),Moss
999190,ROMIMG,GH=ROMGH&GD=558,Floor ornate 03 (Left Side 1),Moss
999191,ROMIMG,GH=ROMGH&GD=558,Floor ornate 03 (Front 1),Moss
999192,ROMIMG,GH=ROMGH&GD=558,Floor ornate 04 (Left Side 3),Round Grate
999193,ROMIMG,GH=ROMGH&GD=558,Floor ornate 04 (Front 3),Round Grate
999194,ROMIMG,GH=ROMGH&GD=558,Floor ornate 04 (Left Side 2),Round Grate
999195,ROMIMG,GH=ROMGH&GD=558,Floor ornate 04 (Front 2),Round Grate
999196,ROMIMG,GH=ROMGH&GD=558,Floor ornate 04 (Left Side 1),Round Grate
999197,ROMIMG,GH=ROMGH&GD=558,Floor ornate 04 (Front 1),Round Grate
999198,ROMIMG,GH=ROMGH&GD=558,Floor ornate 05 (Left Side 3),Round Pressure Plate
999199,ROMIMG,GH=ROMGH&GD=558,Floor ornate 05 (Front 3),Round Pressure Plate
999200,ROMIMG,GH=ROMGH&GD=558,Floor ornate 05 (Left Side 2),Round Pressure Plate
999201,ROMIMG,GH=ROMGH&GD=558,Floor ornate 05 (Front 2),Round Pressure Plate
999202,ROMIMG,GH=ROMGH&GD=558,Floor ornate 05 (Left Side 1),Round Pressure Plate
999203,ROMIMG,GH=ROMGH&GD=558,Floor ornate 05 (Front 1),Round Pressure Plate
999204,ROMIMG,GH=ROMGH&GD=558,Floor ornate 06 (Left Side 3),Black Flame Pit
999205,ROMIMG,GH=ROMGH&GD=558,Floor ornate 06 (Front 3),Black Flame Pit
999206,ROMIMG,GH=ROMGH&GD=558,Floor ornate 06 (Left Side 2),Black Flame Pit
999207,ROMIMG,GH=ROMGH&GD=558,Floor ornate 06 (Front 2),Black Flame Pit
999208,ROMIMG,GH=ROMGH&GD=558,Floor ornate 06 (Left Side 1),Black Flame Pit
999209,ROMIMG,GH=ROMGH&GD=558,Floor ornate 06 (Front 1),Black Flame Pit
999210,ROMIMG,GH=ROMGH&GD=558,Floor ornate 07 (Left Side 3),Crack
999211,ROMIMG,GH=ROMGH&GD=558,Floor ornate 07 (Front 3),Crack
999212,ROMIMG,GH=ROMGH&GD=558,Floor ornate 07 (Left Side 2),Crack
999213,ROMIMG,GH=ROMGH&GD=558,Floor ornate 07 (Front 2),Crack
999214,ROMIMG,GH=ROMGH&GD=558,Floor ornate 07 (Left Side 1),Crack
999215,ROMIMG,GH=ROMGH&GD=558,Floor ornate 07 (Front 1),Crack
999216,ROMIMG,GH=ROMGH&GD=558,Floor ornate 08 (Left Side 3),Tiny Pressure Pad
999217,ROMIMG,GH=ROMGH&GD=558,Floor ornate 08 (Front 3),Tiny Pressure Pad
999218,ROMIMG,GH=ROMGH&GD=558,Floor ornate 08 (Front 2),Tiny Pressure Pad
999219,ROMIMG,GH=ROMGH&GD=558,Floor ornate 08 (Left Side 2),Tiny Pressure Pad
999220,ROMIMG,GH=ROMGH&GD=558,Floor ornate 08 (Front 1),Tiny Pressure Pad
999221,ROMIMG,GH=ROMGH&GD=558,Floor ornate 08 (Left Side 1),Tiny Pressure Pad
999222,ROMIMG,GH=ROMGH&GD=558,Floor ornate 09 (Left Side 3),Puddle
999223,ROMIMG,GH=ROMGH&GD=558,Floor ornate 09 (Front 3),Puddle
999224,ROMIMG,GH=ROMGH&GD=558,Floor ornate 09 (Left Side 2),Puddle
999225,ROMIMG,GH=ROMGH&GD=558,Floor ornate 09 (Front 2),Puddle
999226,ROMIMG,GH=ROMGH&GD=558,Floor ornate 09 (Left Side 1),Puddle
999227,ROMIMG,GH=ROMGH&GD=558,Floor ornate 09 (Front 1),Puddle
999228,ROMIMG,GH=ROMGH&WIDTH=72&HEIGHT=88,Door Mask 0,Bashed Door
999229,ROMIMG,GH=ROMGH&WIDTH=72&HEIGHT=88,Door Mask 1,'See Through Walls' Spell
999230,ROMIMG,GH=ROMGH&GD=558,Door Ornate 00,Square Grid
999231,ROMIMG,GH=ROMGH&GD=558,Door Ornate 01,Iron Bars
999232,ROMIMG,GH=ROMGH&GD=558,Door Ornate 02,Jewels
999233,ROMIMG,GH=ROMGH&GD=558,Door Ornate 03,Wooden Bars
999234,ROMIMG,GH=ROMGH&GD=558,Door Ornate 04,Arched Grid
999235,ROMIMG,GH=ROMGH&GD=558,Door Ornate 05,Block Lock
999236,ROMIMG,GH=ROMGH&GD=558,Door Ornate 06,Corner Lock
999237,ROMIMG,GH=ROMGH&GD=558,Door Ornate 07,Black door (Dungeon Entrance)
999238,ROMIMG,GH=ROMGH&GD=558,Door Ornate 08,Red Triangle Lock
999239,ROMIMG,GH=ROMGH&GD=558,Door Ornate 09,Triangle Lock
999240,ROMIMG,GH=ROMGH&GD=558,Door Ornate 10,Ra Door Energy
999241,ROMIMG,GH=ROMGH&GD=558,Door Ornate 11,Iron Door Damages
999242,ROMIMG,GH=ROMGH&GD=558,Door Switch,
999243,ROMIMG,GH=ROMGH&GD=558,Missile 00 (Front),Arrow
999244,ROMIMG,GH=ROMGH&GD=558,Missile 00 (Back),Arrow
999245,ROMIMG,GH=ROMGH&GD=558,Missile 00 (Side),Arrow
999246,ROMIMG,GH=ROMGH&GD=558,Missile 01 (Front),Dagger
999247,ROMIMG,GH=ROMGH&GD=558,Missile 01 (Back),Dagger
999248,ROMIMG,GH=ROMGH&GD=558,Missile 01 (Side),Dagger
999249,ROMIMG,GH=ROMGH&GD=558,Missile 02 (Front),Axe - Hardcleave
999250,ROMIMG,GH=ROMGH&GD=558,Missile 02 (Back),Axe - Hardcleave
999251,ROMIMG,GH=ROMGH&GD=558,Missile 02 (Side),Axe - Hardcleave
999252,ROMIMG,GH=ROMGH&GD=558,Missile 03 (Front),Lightning bolt
999253,ROMIMG,GH=ROMGH&GD=558,Missile 03 (Side),Lightning bolt
999254,ROMIMG,GH=ROMGH&GD=558,Missile 04 (Front),Slayer
999255,ROMIMG,GH=ROMGH&GD=558,Missile 04 (Back),Slayer
999256,ROMIMG,GH=ROMGH&GD=558,Missile 04 (Side),Slayer
999257,ROMIMG,GH=ROMGH&GD=558,Missile 05 (Front),Stone Club
999258,ROMIMG,GH=ROMGH&GD=558,Missile 05 (Back),Stone Club
999259,ROMIMG,GH=ROMGH&GD=558,Missile 05 (Side),Stone Club
999260,ROMIMG,GH=ROMGH&GD=558,Missile 06 (Front),Club
999261,ROMIMG,GH=ROMGH&GD=558,Missile 06 (Back),Club
999262,ROMIMG,GH=ROMGH&GD=558,Missile 06 (Side),Club
999263,ROMIMG,GH=ROMGH&GD=558,Missile 07 (Front),Poison Dart
999264,ROMIMG,GH=ROMGH&GD=558,Missile 07 (Back),Poison Dart
999265,ROMIMG,GH=ROMGH&GD=558,Missile 07 (Side),Poison Dart
999266,ROMIMG,GH=ROMGH&GD=558,Missile 08 (Front),BoltBlade Delta DiamondEdge Falchion Fury Rapier Sabre SamuraiSword Sword Inquisitor
999267,ROMIMG,GH=ROMGH&GD=558,Missile 08 (Back),BoltBlade Delta DiamondEdge Falchion Fury Rapier Sabre SamuraiSword Sword Inquisitor
999268,ROMIMG,GH=ROMGH&GD=558,Missile 08 (Side),BoltBlade Delta DiamondEdge Falchion Fury Rapier Sabre SamuraiSword Sword Inquisitor
999269,ROMIMG,GH=ROMGH&GD=558,Missile 09 (Front),Throwing Star
999270,ROMIMG,GH=ROMGH&GD=558,Missile 09 (Side),Throwing Star
999271,ROMIMG,GH=ROMGH&GD=558,Missile 10 (Front),Fireball
999272,ROMIMG,GH=ROMGH&GD=558,Missile 11 (Front),Antimaterial
999273,ROMIMG,GH=ROMGH&GD=558,Missile 12 (Front),Poison Blob
999274,ROMIMG,GH=ROMGH&GD=558,Missile 13 (Front),Poison
999275,ROMIMG,GH=ROMGH&WIDTH=120&HEIGHT=111,Explosion 0,Fireball
999276,ROMIMG,GH=ROMGH&WIDTH=96&HEIGHT=97,Explosion 1,Antimaterial
999277,ROMIMG,GH=ROMGH&WIDTH=120&HEIGHT=91,Explosion 2,Poison
999278,ROMIMG,GH=ROMGH&WIDTH=36&HEIGHT=31,Explosion 0 (Light),Fireball
999279,ROMIMG,GH=ROMGH&WIDTH=36&HEIGHT=31,Explosion 0 (Medium),Fireball
999280,ROMIMG,GH=ROMGH&WIDTH=36&HEIGHT=31,Explosion 0 (Strong),Fireball
999281,ROMIMG,GH=ROMGH&WIDTH=36&HEIGHT=31,Explosion 1 (Light),Antimaterial
999282,ROMIMG,GH=ROMGH&WIDTH=36&HEIGHT=31,Explosion 1 (Medium),Antimaterial
999283,ROMIMG,GH=ROMGH&WIDTH=36&HEIGHT=31,Explosion 1 (Strong),Antimaterial
999284,ROMIMG,GH=ROMGH&WIDTH=36&HEIGHT=31,Explosion 2 (Light),Poison
999285,ROMIMG,GH=ROMGH&WIDTH=36&HEIGHT=31,Explosion 2 (Medium),Poison
999286,ROMIMG,GH=ROMGH&WIDTH=36&HEIGHT=31,Explosion 2 (Strong),Poison
999287,ROMIMG,GH=ROMGH&GD=558,Item on floor 00,Chest
999288,ROMIMG,GH=ROMGH&GD=558,Item on floor 00 (Alcove),Chest
999289,ROMIMG,GH=ROMGH&GD=558,Item on floor 01,Scroll
999290,ROMIMG,GH=ROMGH&GD=558,Item on floor 02,Potion (Bro Dane Ee Ku Ma Neta Ros Vi Ya) WaterFlask
999291,ROMIMG,GH=ROMGH&GD=558,Item on floor 03,Blue Gem
999292,ROMIMG,GH=ROMGH&GD=558,Item on floor 04,Copper Coin - Gold Coin
999293,ROMIMG,GH=ROMGH&GD=558,Item on floor 05,Drumstick
999294,ROMIMG,GH=ROMGH&GD=558,Item on floor 06,Waterskin (Full)
999295,ROMIMG,GH=ROMGH&GD=558,Item on floor 07,Elven Doublet - Elven Huke
999296,ROMIMG,GH=ROMGH&GD=558,Item on floor 08,Leather Boots
999297,ROMIMG,GH=ROMGH&GD=558,Item on floor 09,Basinet - Bezerker Helm - Casque 'n Coif - Dexhelm - Helm Of Darc - Helmet
999298,ROMIMG,GH=ROMGH&GD=558,Item on floor 10,Large Shield - Shield Of Darc - Shield Of Lyte - Wooden Shield
999299,ROMIMG,GH=ROMGH&GD=558,Item on floor 11,Sling - Snake Staff - Staff - Staff Of Claws - Staff Of Manar - Yew Staff
999300,ROMIMG,GH=ROMGH&GD=558,Item on floor 12,BoltBlade Delta DiamondEdge Falchion Fury Rapier Sabre SamuraiSword Sword Inquisitor
999301,ROMIMG,GH=ROMGH&GD=558,Item on floor 13,Axe - Hardcleave
999302,ROMIMG,GH=ROMGH&GD=558,Item on floor 14,Bow
999303,ROMIMG,GH=ROMGH&GD=558,Item on floor 15,Ekkhard Cross - Gem Of Ages - Illumulet - Jewel Symal
999304,ROMIMG,GH=ROMGH&GD=558,Item on floor 16,Arrow
999305,ROMIMG,GH=ROMGH&GD=558,Item on floor 17,Dagger
999306,ROMIMG,GH=ROMGH&GD=558,Item on floor 18,Key (Cross Iron Of_B Onyx Skeleton Solid Square Tourquoise)
999307,ROMIMG,GH=ROMGH&GD=558,Item on floor 19,Flamebain - Hosen - Leg Mail - Mail Aketon - Mithral Aketon - Mithral Mail
999308,ROMIMG,GH=ROMGH&GD=558,Item on floor 20,Plate Of Darc - Plate Of Lyte - Torso Plate
999309,ROMIMG,GH=ROMGH&GD=558,Item on floor 21,Mace - Mace Of Order
999310,ROMIMG,GH=ROMGH&GD=558,Item on floor 22,Leg Plate - Poleyn Of Darc - Poleyn Of Lyte - Powertowers
999311,ROMIMG,GH=ROMGH&GD=558,Item on floor 23,Barbarian Hide - Cape - Cloak Of Night - Leather Jerkin - Leather Pants
999312,ROMIMG,GH=ROMGH&GD=558,Item on floor 24,Fine Robe (Body Legs) - Ghi - Ghi Trousers - Robe (Body Legs) - Silk Shirt - Tabard
999313,ROMIMG,GH=ROMGH&GD=558,Item on floor 25,Bread
999314,ROMIMG,GH=ROMGH&GD=558,Item on floor 26,Cheese
999315,ROMIMG,GH=ROMGH&GD=558,Item on floor 27,Apple
999316,ROMIMG,GH=ROMGH&GD=558,Item on floor 28,Corn
999317,ROMIMG,GH=ROMGH&GD=558,Item on floor 29,Suede Boots
999318,ROMIMG,GH=ROMGH&GD=558,Item on floor 30,Sceptre of Lyf
999319,ROMIMG,GH=ROMGH&GD=558,Item on floor 31,Teowand - Wand
999320,ROMIMG,GH=ROMGH&GD=558,Item on floor 32,Dragon Spit
999321,ROMIMG,GH=ROMGH&GD=558,Item on floor 33,Morningstar
999322,ROMIMG,GH=ROMGH&GD=558,Item on floor 34,Compass
999323,ROMIMG,GH=ROMGH&GD=558,Item on floor 35,Torch
999324,ROMIMG,GH=ROMGH&GD=558,Item on floor 36,Waterskin (Empty)
999325,ROMIMG,GH=ROMGH&GD=558,Item on floor 37,Flamitt
999326,ROMIMG,GH=ROMGH&GD=558,Item on floor 38,Eye Of Time - Stormring
999327,ROMIMG,GH=ROMGH&GD=558,Item on floor 39,The Firestaff
999328,ROMIMG,GH=ROMGH&GD=558,Item on floor 40,Ashes
999329,ROMIMG,GH=ROMGH&GD=558,Item on floor 41,Bones - Champion Bones
999330,ROMIMG,GH=ROMGH&GD=558,Item on floor 42,Vorpal Blade
999331,ROMIMG,GH=ROMGH&GD=558,Item on floor 43,Club
999332,ROMIMG,GH=ROMGH&GD=558,Item on floor 44,Stone Club
999333,ROMIMG,GH=ROMGH&GD=558,Item on floor 45,Crossbow - Speedbow
999334,ROMIMG,GH=ROMGH&GD=558,Item on floor 46,Slayer
999335,ROMIMG,GH=ROMGH&GD=558,Item on floor 47,Rock
999336,ROMIMG,GH=ROMGH&GD=558,Item on floor 48,Poison Dart
999337,ROMIMG,GH=ROMGH&GD=558,Item on floor 49,Throwing Star
999338,ROMIMG,GH=ROMGH&GD=558,Item on floor 50,Stick
999339,ROMIMG,GH=ROMGH&GD=558,Item on floor 51,The Conduit
999340,ROMIMG,GH=ROMGH&GD=558,Item on floor 52,Armet - Helm Of Lyte
999341,ROMIMG,GH=ROMGH&GD=558,Item on floor 53,Calista - Crown Of Nerra
999342,ROMIMG,GH=ROMGH&GD=558,Item on floor 54,Buckler - Hide Shield - Small Shield
999343,ROMIMG,GH=ROMGH&GD=558,Item on floor 55,Sandals
999344,ROMIMG,GH=ROMGH&GD=558,Item on floor 56,Foot Plate - Greave Of Darc - Greave Of Lyte
999345,ROMIMG,GH=ROMGH&GD=558,Item on floor 57,Elven Boots
999346,ROMIMG,GH=ROMGH&GD=558,Item on floor 58,Moonstone
999347,ROMIMG,GH=ROMGH&GD=558,Item on floor 59,Pendant Feral - The Hellion
999348,ROMIMG,GH=ROMGH&GD=558,Item on floor 60,Orange Gem
999349,ROMIMG,GH=ROMGH&GD=558,Item on floor 61,Green Gem
999350,ROMIMG,GH=ROMGH&GD=558,Item on floor 62,Key (Emerald Gold Master Ra Ruby Sapphire Topaz Winged)
999351,ROMIMG,GH=ROMGH&GD=558,Item on floor 63,Magical Box (Green)
999352,ROMIMG,GH=ROMGH&GD=558,Item on floor 64,Mirror of Dawn
999353,ROMIMG,GH=ROMGH&GD=558,Item on floor 65,Horn of Fear
999354,ROMIMG,GH=ROMGH&GD=558,Item on floor 66,Dragon Steack
999355,ROMIMG,GH=ROMGH&GD=558,Item on floor 67,Potion (Des Mon Sar Um Ven Zo)
999356,ROMIMG,GH=ROMGH&GD=558,Item on floor 68,Ful Bomb - Kath Bomb - Pew Bomb - Ra Bomb
999357,ROMIMG,GH=ROMGH&GD=558,Item on floor 69,Blue Pants - Gunna - Kirtle - Tunic
999358,ROMIMG,GH=ROMGH&GD=558,Item on floor 70,Worm Round
999359,ROMIMG,GH=ROMGH&GD=558,Item on floor 71,Screamer Slice
999360,ROMIMG,GH=ROMGH&GD=558,Item on floor 72,Rope
999361,ROMIMG,GH=ROMGH&GD=558,Item on floor 73,Rabbit's Foot
999362,ROMIMG,GH=ROMGH&GD=558,Item on floor 74,Corbamite - Zokathra Spell
999363,ROMIMG,GH=ROMGH&GD=558,Item on floor 75,Choker
999364,ROMIMG,GH=ROMGH&GD=558,Item on floor 76,Boulder
999365,ROMIMG,GH=ROMGH&GD=558,Item on floor 77,Lock Picks
999366,ROMIMG,GH=ROMGH&GD=558,Item on floor 78,Magnifier
999367,ROMIMG,GH=ROMGH&GD=558,Item on floor 79,Magical Box (Blue)
999368,ROMIMG,GH=ROMGH&GD=558,Item on floor 80,Empty Flask
999369,ROMIMG,GH=ROMGH&GD=558,Item on floor 81,Boots of Speed
999370,ROMIMG,GH=ROMGH&GD=558,Item on floor 82,The Firestaff (Complete)
999371,ROMIMG,GH=ROMGH&GD=558,Item on floor 83,Silver Coin
999372,ROMIMG,GH=ROMGH&GD=558,Item on floor 84,Halter
999373,ROMIMG,GH=ROMGH&GD=558,Creature 00 (Front),Giant Scorpion
999374,ROMIMG,GH=ROMGH&GD=558,Creature 00 (Side),Giant Scorpion
999375,ROMIMG,GH=ROMGH&GD=558,Creature 00 (Back),Giant Scorpion
999376,ROMIMG,GH=ROMGH&GD=558,Creature 00 (Attack),Giant Scorpion
999377,ROMIMG,GH=ROMGH&GD=558,Creature 01 (Front),Swamp Slime
999378,ROMIMG,GH=ROMGH&GD=558,Creature 01 (Attack),Swamp Slime
999379,ROMIMG,GH=ROMGH&GD=558,Creature 02 (Front),Giggler
999380,ROMIMG,GH=ROMGH&GD=558,Creature 02 (Side),Giggler
999381,ROMIMG,GH=ROMGH&GD=558,Creature 02 (Back),Giggler
999382,ROMIMG,GH=ROMGH&WIDTH=36&HEIGHT=48,Creature 02 (Attack),Giggler (empty image)
999383,ROMIMG,GH=ROMGH&GD=558,Creature 03 (Front),Wizard Eye
999384,ROMIMG,GH=ROMGH&GD=558,Creature 03 (Attack),Wizard Eye
999385,ROMIMG,GH=ROMGH&GD=558,Creature 04 (Front),Pain Rat
999386,ROMIMG,GH=ROMGH&GD=558,Creature 04 (Side),Pain Rat
999387,ROMIMG,GH=ROMGH&GD=558,Creature 04 (Back),Pain Rat
999388,ROMIMG,GH=ROMGH&GD=558,Creature 04 (Attack),Pain Rat
999389,ROMIMG,GH=ROMGH&GD=558,Creature 05 (Front),Ruster
999390,ROMIMG,GH=ROMGH&GD=558,Creature 05 (Side),Ruster
999391,ROMIMG,GH=ROMGH&GD=558,Creature 05 (Back),Ruster
999392,ROMIMG,GH=ROMGH&GD=558,Creature 06 (Front),Screamer
999393,ROMIMG,GH=ROMGH&GD=558,Creature 06 (Attack),Screamer
999394,ROMIMG,GH=ROMGH&GD=558,Creature 07 (Front),Rockpile
999395,ROMIMG,GH=ROMGH&GD=558,Creature 07 (Attack),Rockpile
999396,ROMIMG,GH=ROMGH&GD=558,Creature 08 (Front),Ghost
999397,ROMIMG,GH=ROMGH&GD=558,Creature 08 (Attack),Ghost
999398,ROMIMG,GH=ROMGH&GD=558,Creature 09 (Front),Stone Golem
999399,ROMIMG,GH=ROMGH&GD=558,Creature 09 (Side),Stone Golem
999400,ROMIMG,GH=ROMGH&GD=558,Creature 09 (Back),Stone Golem
999401,ROMIMG,GH=ROMGH&GD=558,Creature 09 (Attack),Stone Golem
999402,ROMIMG,GH=ROMGH&GD=558,Creature 10 (Front),Mummy
999403,ROMIMG,GH=ROMGH&GD=558,Creature 10 (Side),Mummy
999404,ROMIMG,GH=ROMGH&GD=558,Creature 10 (Back),Mummy
999405,ROMIMG,GH=ROMGH&GD=558,Creature 10 (Attack),Mummy
999406,ROMIMG,GH=ROMGH&GD=558,Creature 11 (Front),Black Flame
999407,ROMIMG,GH=ROMGH&GD=558,Creature 11 (Attack),Black Flame
999408,ROMIMG,GH=ROMGH&GD=558,Creature 12 (Front),Skeleton
999409,ROMIMG,GH=ROMGH&GD=558,Creature 12 (Side),Skeleton
999410,ROMIMG,GH=ROMGH&GD=558,Creature 12 (Back),Skeleton
999411,ROMIMG,GH=ROMGH&GD=558,Creature 12 (Attack),Skeleton
999412,ROMIMG,GH=ROMGH&GD=558,Creature 13 (Front),Couatl
999413,ROMIMG,GH=ROMGH&GD=558,Creature 13 (Side),Couatl
999414,ROMIMG,GH=ROMGH&GD=558,Creature 13 (Back),Couatl
999415,ROMIMG,GH=ROMGH&GD=558,Creature 13 (Attack),Couatl
999416,ROMIMG,GH=ROMGH&GD=558,Creature 14 (Front),Vexirk
999417,ROMIMG,GH=ROMGH&GD=558,Creature 14 (Side),Vexirk
999418,ROMIMG,GH=ROMGH&GD=558,Creature 14 (Back),Vexirk
999419,ROMIMG,GH=ROMGH&GD=558,Creature 14 (Attack),Vexirk
999420,ROMIMG,GH=ROMGH&GD=558,Creature 15 (Front),Magenta Worm
999421,ROMIMG,GH=ROMGH&GD=558,Creature 15 (Side),Magenta Worm
999422,ROMIMG,GH=ROMGH&GD=558,Creature 15 (Back),Magenta Worm
999423,ROMIMG,GH=ROMGH&GD=558,Creature 15 (Attack),Magenta Worm
999424,ROMIMG,GH=ROMGH&GD=558,Creature 16 (Front),Trolin
999425,ROMIMG,GH=ROMGH&GD=558,Creature 16 (Side),Trolin
999426,ROMIMG,GH=ROMGH&GD=558,Creature 16 (Back),Trolin
999427,ROMIMG,GH=ROMGH&GD=558,Creature 16 (Attack),Trolin
999428,ROMIMG,GH=ROMGH&GD=558,Creature 17 (Front),Giant Wasp
999429,ROMIMG,GH=ROMGH&GD=558,Creature 17 (Side),Giant Wasp
999430,ROMIMG,GH=ROMGH&GD=558,Creature 17 (Back),Giant Wasp
999431,ROMIMG,GH=ROMGH&GD=558,Creature 17 (Attack),Giant Wasp
999432,ROMIMG,GH=ROMGH&GD=558,Creature 18 (Front),Animated Armour
999433,ROMIMG,GH=ROMGH&GD=558,Creature 18 (Side),Animated Armour
999434,ROMIMG,GH=ROMGH&GD=558,Creature 18 (Back),Animated Armour
999435,ROMIMG,GH=ROMGH&GD=558,Creature 18 (Attack),Animated Armour
999436,ROMIMG,GH=ROMGH&GD=558,Creature 19 (Front 1),Materializer
999437,ROMIMG,GH=ROMGH&GD=558,Creature 19 (Front 2),Materializer
999438,ROMIMG,GH=ROMGH&GD=558,Creature 19 (Front 3),Materializer
999439,ROMIMG,GH=ROMGH&GD=558,Creature 19 (Attack),Materializer
999440,ROMIMG,GH=ROMGH&GD=558,Creature 20 (Front),Water Elemental
999441,ROMIMG,GH=ROMGH&GD=558,Creature 20 (Attack),Water Elemental
999442,ROMIMG,GH=ROMGH&GD=558,Creature 21 (Front),Oitu
999443,ROMIMG,GH=ROMGH&GD=558,Creature 21 (Side),Oitu
999444,ROMIMG,GH=ROMGH&GD=558,Creature 21 (Back),Oitu
999445,ROMIMG,GH=ROMGH&GD=558,Creature 21 (Attack),Oitu
999446,ROMIMG,GH=ROMGH&GD=558,Creature 22 (Front),Demon
999447,ROMIMG,GH=ROMGH&GD=558,Creature 22 (Side),Demon
999448,ROMIMG,GH=ROMGH&GD=558,Creature 22 (Back),Demon
999449,ROMIMG,GH=ROMGH&GD=558,Creature 22 (Attack),Demon
999450,ROMIMG,GH=ROMGH&GD=558,Creature 23 (Front),Lord Chaos
999451,ROMIMG,GH=ROMGH&GD=558,Creature 23 (Side),Lord Chaos
999452,ROMIMG,GH=ROMGH&GD=558,Creature 23 (Back),Lord Chaos
999453,ROMIMG,GH=ROMGH&GD=558,Creature 23 (Attack),Lord Chaos
999454,ROMIMG,GH=ROMGH&GD=558,Creature 24 (Front),Red Dragon
999455,ROMIMG,GH=ROMGH&GD=558,Creature 24 (Side),Red Dragon
999456,ROMIMG,GH=ROMGH&GD=558,Creature 24 (Back),Red Dragon
999457,ROMIMG,GH=ROMGH&GD=558,Creature 24 (Attack),Red Dragon
999458,ROMIMG,GH=ROMGH&GD=558,Creature 25 (Front),Lord Order
999459,ROMIMG,GH=ROMGH&GD=558,Creature 26 (Front),Grey Lord
999460,ROMIMG,GH=ROMGH&WIDTH=168&HEIGHT=70,Dungeon Graphics - Floor,
999461,ROMIMG,GH=ROMGH&WIDTH=168&HEIGHT=29,Dungeon Graphics - Ceiling,
999462,ROMIMG,GH=ROMGH&WIDTH=24&HEIGHT=136,Dungeon Graphics - Wall (Right Side 0),
999463,ROMIMG,GH=ROMGH&WIDTH=24&HEIGHT=136,Dungeon Graphics - Wall (Left Side 0),
999464,ROMIMG,GH=ROMGH&WIDTH=192&HEIGHT=111,Dungeon Graphics - Wall (Front and Sides 1),
999465,ROMIMG,GH=ROMGH&WIDTH=108&HEIGHT=71,Dungeon Graphics - Wall (Front and Sides 2),
999466,ROMIMG,GH=ROMGH&WIDTH=96&HEIGHT=51,Dungeon Graphics - Wall (Front and Sides 3),
999467,ROMIMG,GH=ROMGH&WIDTH=12&HEIGHT=49,Dungeon Graphics - Wall (Far Left Side 3),
999468,ROMIMG,GH=ROMGH&WIDTH=12&HEIGHT=49,Dungeon Graphics - Wall (Far Right Side 3),
999469,ROMIMG3,GH=ROMGH&TMWIDTH=16&TMHEIGHT=4&PAL=PALETTE_INGAME!8&ID=TILES_CURSOR,Cursors and team,
999470,ROMIMG3,GH=ROMGH&TMWIDTH=2&TMHEIGHT=64&PAL=PALETTE_INGAME&PALSEL=PALSEL1&TILESBYITEM=4&PALSEL_INCR=8&ID=TILES_ITEMS1,Items 0,
999471,ROMIMG3,GH=ROMGH&TMWIDTH=2&TMHEIGHT=64&PAL=PALETTE_INGAME&PALSEL=PALSEL2&TILESBYITEM=4&PALSEL_INCR=8&ID=TILES_ITEMS2,Items 1,
999472,ROMIMG3,GH=ROMGH&TMWIDTH=2&TMHEIGHT=64&PAL=PALETTE_INGAME&PALSEL=PALSEL3&TILESBYITEM=4&PALSEL_INCR=8&ID=TILES_ITEMS3,Items 2,
999473,ROMIMG3,GH=ROMGH&TMWIDTH=2&TMHEIGHT=64&PAL=PALETTE_INGAME&PALSEL=PALSEL4&TILESBYITEM=4&PALSEL_INCR=8&ID=TILES_ITEMS4,Items 3,
999474,ROMIMG3,GH=ROMGH&TMWIDTH=2&TMHEIGHT=64&PAL=PALETTE_INGAME&PALSEL=PALSEL5&TILESBYITEM=4&PALSEL_INCR=8&ID=TILES_ITEMS5,Items 4,
999475,ROMIMG3,GH=ROMGH&TMWIDTH=2&TMHEIGHT=64&PAL=PALETTE_INGAME&PALSEL=PALSEL6&TILESBYITEM=4&PALSEL_INCR=8&ID=TILES_ITEMS6,Items 5,
999476,ROMIMG3,GH=ROMGH&TMWIDTH=2&TMHEIGHT=64&PAL=PALETTE_INGAME&PALSEL=PALSEL7&TILESBYITEM=4&PALSEL_INCR=8&ID=TILES_ITEMS7,Items 6,
999477,ROMIMG3,GH=ROMGH&TMWIDTH=16&TMHEIGHT=16&ID=TILES_INTERFACE1,Interface Parts 1 (for BG1),
999478,ROMIMG3,GH=ROMGH&TMWIDTH=16&TMHEIGHT=16&ID=TILES_INTERFACE2,Interface Parts 2 (for BG1),
999479,ROMIMG3,GH=ROMGH&TMWIDTH=16&TMHEIGHT=16&ID=TILES_INTERFACE3,Interface Parts 3 (for BG0),
999480,ROMIMG3,GH=ROMGH&TMWIDTH=3&TMHEIGHT=85&PAL=PALETTE_INGAME&PALSEL=PALSEL8&TILESBYITEM=9&ID=TILES_PORTRAITS,Portaits,3x85+1 tiles
999481,ROMIMG6,GH=ROMGH&TMWIDTH=1&TMHEIGHT=192&ID=TILES_1x2_ATTACKS_NAMES_FONT,Font for attack names,WRONG PALETTE
999482,ROMIMG6,GH=ROMGH&TMWIDTH=1&TMHEIGHT=256&ID=TILES_1x2_FONT,Font (1x2 tiles characters),WRONG PALETTE
999483,TXT3,GH=ROMGH,Dungeon Texts (Walls - Scrolls - Messages),
999484,ROMIMG,GH=ROMGH,Wall Ornate 00 (Front),Wall Inscription Frame
999485,ROMIMG3,GH=ROMGH&PAL=PALETTE_DUNGEON_ENTRANCE!9&TMWIDTH=16&TMHEIGHT=32&ID=TILES_ENTRANCE_DOORS,Dungeon Entrance - Doors,
999486,ROMIMG3,GH=ROMGH&PAL=PALETTE_DUNGEON_ENTRANCE!1&TMWIDTH=16&TMHEIGHT=32&ID=TILES_ENTRANCE_BORDER,Dungeon Entrance - Border,
999487,ROMIMG3,GH=ROMGH&PAL=PALETTE_DUNGEON_ENTRANCE!1&TMWIDTH=16&TMHEIGHT=32&ID=TILES_ENTRANCE_CORRIDOR,Dungeon Entrance - Corridor,
999488,ROMIMG,GH=ROMGH&WIDTH=60&HEIGHT=8,Dungeon Graphics - Floor Pit (Left Side 3),
999489,ROMIMG,GH=ROMGH&WIDTH=72&HEIGHT=8,Dungeon Graphics - Floor Pit (Front 3),
999490,ROMIMG,GH=ROMGH&WIDTH=60&HEIGHT=12,Dungeon Graphics - Floor Pit (Left Side 2),
999491,ROMIMG,GH=ROMGH&WIDTH=72&HEIGHT=12,Dungeon Graphics - Floor Pit (Front 2),
999492,ROMIMG,GH=ROMGH&WIDTH=48&HEIGHT=24,Dungeon Graphics - Floor Pit (Left Side 1),
999493,ROMIMG,GH=ROMGH&WIDTH=120&HEIGHT=24,Dungeon Graphics - Floor Pit (Front 1),
999494,ROMIMG,GH=ROMGH&WIDTH=24&HEIGHT=12,Dungeon Graphics - Floor Pit (Left Side 0),
999495,ROMIMG,GH=ROMGH&WIDTH=144&HEIGHT=12,Dungeon Graphics - Floor Pit (Front 0),
999496,ROMIMG,GH=ROMGH&WIDTH=60&HEIGHT=12,Dungeon Graphics - Invisible Floor Pit (Left Side 2),
999497,ROMIMG,GH=ROMGH&WIDTH=72&HEIGHT=12,Dungeon Graphics - Invisible Floor Pit (Front 2),
999498,ROMIMG,GH=ROMGH&WIDTH=48&HEIGHT=24,Dungeon Graphics - Invisible Floor Pit (Left Side 1),
999499,ROMIMG,GH=ROMGH&WIDTH=120&HEIGHT=24,Dungeon Graphics - Invisible Floor Pit (Front 1),
999500,ROMIMG,GH=ROMGH&WIDTH=24&HEIGHT=12,Dungeon Graphics - Invisible Floor Pit (Left Side 0),
999501,ROMIMG,GH=ROMGH&WIDTH=144&HEIGHT=12,Dungeon Graphics - Invisible Floor Pit (Front 0),
999502,ROMIMG,GH=ROMGH&WIDTH=60&HEIGHT=5,Dungeon Graphics - Ceiling Pit (Left Side 2),
999503,ROMIMG,GH=ROMGH&WIDTH=72&HEIGHT=5,Dungeon Graphics - Ceiling Pit (Front 2),
999504,ROMIMG,GH=ROMGH&WIDTH=48&HEIGHT=9,Dungeon Graphics - Ceiling Pit (Left Side 1),
999505,ROMIMG,GH=ROMGH&WIDTH=120&HEIGHT=9,Dungeon Graphics - Ceiling Pit (Front 1),
999506,ROMIMG,GH=ROMGH&WIDTH=12&HEIGHT=4,Dungeon Graphics - Ceiling Pit (Left Side 0),
999507,ROMIMG,GH=ROMGH&WIDTH=144&HEIGHT=4,Dungeon Graphics - Ceiling Pit (Front 0),
999508,ROMIMG,GH=ROMGH&WIDTH=72&HEIGHT=51,Dungeon Graphics - Wall Mask (Right Front 3),
999509,ROMIMG,GH=ROMGH&WIDTH=60&HEIGHT=71,Dungeon Graphics - Wall Mask (Right Front 2),
999510,ROMIMG,GH=ROMGH&WIDTH=48&HEIGHT=111,Dungeon Graphics - Wall Mask (Right Front 1),
999511,ROMIMG,GH=ROMGH&WIDTH=24&HEIGHT=136,Dungeon Graphics - Wall Mask (Right Front 0),
999512,ROMIMG,GH=ROMGH&WIDTH=24&HEIGHT=32,Dungeon Graphics - Teleporter,
999513,ROMIMG,GH=ROMGH&WIDTH=24&HEIGHT=32,Dungeon Graphics - Fluxcage,
999514,ROMIMG,GH=ROMGH,Dungeon Graphics - Hole In Wall While Using 'See Through Walls' Spell,
999515,ROMDATA,GH=ROMGH&GD=558,Music program 'Start swoosh',
999516,ROMDATA,GH=ROMGH&GD=558,Unknown data probably another music program,
999517,ROMDATA,GH=ROMGH&GD=558,Music program 'Hall of champions',
999518,ROMDATA,GH=ROMGH&GD=558,Music program 'Chambers of the Guardian',
999519,ROMDATA,GH=ROMGH&GD=558,Music program 'Room of the Gem & After Teleports',
999520,ROMDATA,GH=ROMGH&GD=558,Music program 'Scorpions!',
999521,ROMDATA,GH=ROMGH&GD=558,Music program 'Gigglers',
999522,ROMDATA,GH=ROMGH&GD=558,Music program 'The Matrix & Forever Room',
999523,ROMDATA,GH=ROMGH&GD=558,Music program 'Choose your fate',
999524,ROMDATA,GH=ROMGH&GD=558,Music program 'Entrance & Power Gem & End Screen',
999525,ROMDATA,GH=ROMGH&GD=558,Music program 'Screamers',
999526,ROMDATA,GH=ROMGH&GD=558,Music program 'Riddle Room & Not Rock',
999527,ROMDATA,GH=ROMGH&GD=558,Music program 'Tomb of the Firestaff',
999528,ROMDATA,GH=ROMGH&GD=558,Music program 'I hate cowards',
999529,ROMDATA,GH=ROMGH&GD=558,Music program 'Prepare to meet your Doom & Lord Chaos',
999530,ROMDATA,GH=ROMGH&GD=558,Music program 'The Lone Knight',
999531,ROMDATA,GH=ROMGH&GD=558,Music program 'Introduction',
999532,ROMDATA,GH=ROMGH&GD=558,Music program 'End credits',
999533,ROMDATA,GH=ROMGH&GD=558,Music program 'Clockwise!',
999534,ROMDATA,GH=ROMGH&GD=558,Unknown data,
999535,RAW2,GH=ROMGH,One byte 0x1A,
999536,RAW2,GH=ROMGH,One byte 0x1A,
999537,RAW2,GH=ROMGH,One byte 0x1A,
999538,RAW2,GH=ROMGH,One byte 0x1A,
999539,RAW2,GH=ROMGH,One byte 0x1A,
999540,ROMDATA,GH=ROMGH&GD=558,Unknown data,
999541,ROMDATA,GH=ROMGH&GD=558,Unknown data,
999542,ROMDATA,GH=ROMGH&GD=558,Unknown data,
999543,ROMDATA,GH=ROMGH&GD=558,Unknown data,
999544,ROMDATA,GH=ROMGH&GD=558,Unknown data,
999545,ROMDATA,GH=ROMGH&GD=558,Unknown data,
999546,ROMDATA,GH=ROMGH&GD=558,Unknown data,
999547,RAW2,GH=ROMGH,One byte 0x1A,
999548,ROMDATA,GH=ROMGH&GD=558,Unknown data,
999549,ROMDATA,GH=ROMGH&GD=558,Unknown data,
999550,ROMDATA,GH=ROMGH&GD=558,Unknown data,
999551,ROMDATA,GH=ROMGH&GD=558,Unknown data,
999552,ROMDATA,GH=ROMGH&GD=558,Unknown data,
999553,ROMDATA,GH=ROMGH&GD=558,Unknown data,
999554,ROMDATA,GH=ROMGH&GD=558,Unknown data,
999555,ROMDATA,GH=ROMGH&GD=558,Unknown data,
999556,ROMDATA,GH=ROMGH&GD=558,Unknown data,
999557,ROMDATA,GH=ROMGH&GD=558,Unknown data,
999558,ROMDATA,GH=ROMGH&GD=558,Unknown data,
999559,ROMDATA,GH=ROMGH&GD=558,Unknown data,
999560,ROMDATA,GH=ROMGH&GD=558,Unknown data,
999561,ROMDATA,GH=ROMGH&GD=558,Unknown data,
999562,ROMDATA,GH=ROMGH&GD=558,Unknown data,
999563,ROMDATA,GH=ROMGH&GD=558,Unknown data,
999564,ROMDATA,GH=ROMGH&GD=558,Unknown data,
999565,ROMDATA,GH=ROMGH&GD=558,Unknown data,
999566,ROMDATA,GH=ROMGH&GD=558,Unknown data,
999567,ROMDATA,GH=ROMGH&GD=558,Unknown data,
999568,ROMDATA,GH=ROMGH&GD=558,Unknown data,
999569,ROMDATA,GH=ROMGH&GD=558,Unknown data,
999570,ROMDATA,GH=ROMGH&GD=558,Unknown data,
999571,ROMDATA,GH=ROMGH&GD=558,Unknown data,
999572,ROMDATA,GH=ROMGH&GD=558,Unknown data,
999573,ROMDATA,GH=ROMGH&GD=558,Unknown data,
999574,ROMDATA,GH=ROMGH&GD=558,Unknown data,
999575,ROMDATA,GH=ROMGH&GD=558,Unknown data,
999576,ROMDATA,GH=ROMGH&GD=558,Unknown data,
999577,ROMDATA,GH=ROMGH&GD=558,Unknown data,
999578,ROMDATA,GH=ROMGH&GD=558,Unknown data,
999579,ROMDATA,GH=ROMGH&GD=558,Unknown data,
999580,ROMDATA,GH=ROMGH&GD=558,Unknown data,
999581,ROMDATA,GH=ROMGH&GD=558,Unknown data,
999582,RAW2,GH=ROMGH,One byte 0x1A,
999583,SND9,GH=ROMGH,Sound xx,Sample 1
999584,SND9,GH=ROMGH,Sound xx,Sample 2
999585,SND9,GH=ROMGH,Sound xx,Sample 3
999586,SND9,GH=ROMGH,Sound xx,Sample 4
999587,SND9,GH=ROMGH,Sound xx,Sample 5
999588,SND9,GH=ROMGH,Sound xx,Sample 6
999589,SND9,GH=ROMGH,Sound xx,Sample 7
999590,SND9,GH=ROMGH,Sound xx,Sample 8
999591,SND9,GH=ROMGH,Sound xx,Sample 9
999592,SND9,GH=ROMGH,Sound xx,Sample 10
999593,SND9,GH=ROMGH,Sound xx,Sample 11
999594,SND9,GH=ROMGH,Sound xx,Sample 12
999595,SND9,GH=ROMGH,Sound xx,Sample 13
999596,SND9,GH=ROMGH,Sound xx,Sample 14
999597,SND9,GH=ROMGH,Sound xx,Sample 15
999598,RAW2,GH=ROMGH,Empty,One byte 0x20
999599,SND9,GH=ROMGH,Sound xx,to be identified
999600,SND9,GH=ROMGH,Sound xx,to be identified
999601,SND9,GH=ROMGH,Sound xx,to be identified
999602,RAW2,GH=ROMGH,Empty,One byte 0x20
999603,RAW2,GH=ROMGH,Empty,One byte 0x20
999604,RAW2,GH=ROMGH,Empty,One byte 0x20
999605,RAW2,GH=ROMGH,Empty,One byte 0x20
999606,RAW2,GH=ROMGH,Empty,One byte 0x20
999607,RAW2,GH=ROMGH,Empty,One byte 0x20
999608,RAW2,GH=ROMGH,Empty,One byte 0x20
999609,RAW2,GH=ROMGH,Empty,One byte 0x20
999610,RAW2,GH=ROMGH,Empty,One byte 0x20
999611,RAW2,GH=ROMGH,Empty,One byte 0x20
999612,RAW2,GH=ROMGH,Empty,One byte 0x20
999613,RAW2,GH=ROMGH,Empty,One byte 0x20
999614,RAW2,GH=ROMGH,Empty,One byte 0x20
999615,SND9,GH=ROMGH,Sound xx,Move (Red Dragon)
999616,SND9,GH=ROMGH,Sound xx,Falling item
999617,SND9,GH=ROMGH,Sound xx,Move (Animated Armour)
999618,RAW2,GH=ROMGH,Empty,One byte 0x20
999619,SND9,GH=ROMGH,Sound xx,Attack (Couatl)
999620,SND9,GH=ROMGH,Sound xx,Door
999621,RAW2,GH=ROMGH,Empty,One byte 0x20
999622,SND9,GH=ROMGH,Sound xx,Attack (Pain Rat - Red Dragon)
999623,SND9,GH=ROMGH,Sound xx,Attack (Trolin - Stone Golem) - Touching Wall
999624,SND9,GH=ROMGH,Sound xx,Exploding Fireball
999625,SND9,GH=ROMGH,Sound xx,Falling and Dying
999626,SND9,GH=ROMGH,Sound xx,Move (Giant Wasp - Couatl)
999627,SND9,GH=ROMGH,Sound xx,Switch
999628,SND9,GH=ROMGH,Sound xx,Attack (Mummy - Ghost)
999629,SND9,GH=ROMGH,Sound xx,Attack (Giggler)
999630,SND9,GH=ROMGH,Sound xx,Swallowing
999631,SND9,GH=ROMGH,Sound xx,Champion Wounded 1
999632,RAW2,GH=ROMGH,Empty,One byte 0x20
999633,RAW2,GH=ROMGH,Empty,One byte 0x20
999634,RAW2,GH=ROMGH,Empty,One byte 0x20
999635,SND9,GH=ROMGH,Sound xx,Running Into A Wall
999636,RAW2,GH=ROMGH,Empty,One byte 0x20
999637,SND9,GH=ROMGH,Sound xx,Exploding Spell
999638,SND9,GH=ROMGH,Sound xx,Attack (Screamer - Oitu)
999639,SND9,GH=ROMGH,Sound xx,Attack (Rockpile)
999640,SND9,GH=ROMGH,Sound xx,Attack (Giant Scorpion)
999641,SND9,GH=ROMGH,Sound xx,Move (Screamer - Rockpile - Magenta Worm - Pain Rat - Ruster - Giant Scorpion - Oitu)
999642,SND9,GH=ROMGH,Sound xx,Move (Skeleton)
999643,SND9,GH=ROMGH,Sound xx,Move (Swamp Slime - Water Elemental)
999644,SND9,GH=ROMGH,Sound xx,Attack (Skeleton - Animated Armour - Party Slash)
999645,RAW2,GH=ROMGH,Empty,One byte 0x20
999646,SND9,GH=ROMGH,Sound xx,War Cry
999647,SND9,GH=ROMGH,Sound xx,Attack (Water Elemental)
999648,SND9,GH=ROMGH,Sound xx,Attack (Magenta Worm)
999649,ROMDATA,GH=ROMGH&GD=558,Unknown data,
999650,ROMDATA,GH=ROMGH&GD=558,Unknown data,
999651,ROMDATA,GH=ROMGH&GD=558,Unknown data,
999652,ROMDATA,GH=ROMGH&GD=558,Unknown data,
999653,ROMDATA,GH=ROMGH&GD=558,Unknown data,
999654,ROMDATA,GH=ROMGH&GD=558,Unknown data,
999655,ROMDATA,GH=ROMGH&GD=558,Unknown data,
999656,ROMIMG,GH=ROMGH&WIDTH=168&HEIGHT=128&PAL=PALETTE_DRAGON_DIALOG_BOX_0,Dragon dialog box background,
999657,ROMIMG,GH=ROMGH&WIDTH=104&HEIGHT=21&PAL=PALETTE_DRAGON_DIALOG_BOX_0,Dragon dialog box clicked text zone,
999658,ROMIMG,GH=ROMGH&WIDTH=104&HEIGHT=21&PAL=PALETTE_DRAGON_DIALOG_BOX_0,Dragon dialog box text zone,
999659,ROMIMG3,GH=ROMGH&TMWIDTH=16&TMHEIGHT=16&PAL=PALETTE_MENU_INTRO!7&ID=TILES_VICTOR,'Victor' Logo,
999660,ROMIMG1,GH=ROMGH&TMWIDTH=16&TMHEIGHT=16&PAL=PALETTE_MENU_INTRO!1&ID=TILES_MAIN_MENU_DUNGEON,Main Menu - 'Dungeon',
999661,ROMIMG3,GH=ROMGH&TMWIDTH=16&TMHEIGHT=16&PAL=PALETTE_MENU_INTRO!10&ID=TILES_MAIN_MENU_MASTER,Main Menu - 'Master' and copyright,
999662,ROMIMG3,GH=ROMGH&TMWIDTH=16&TMHEIGHT=32&PAL=PALETTE_MENU_INTRO!2&ID=TILES_INTRO_CIRCLES1,Introduction - Circles 1,
999663,ROMIMG4,GH=ROMGH&TMWIDTH=16&TMHEIGHT=16&PAL=PALETTE_MENU_INTRO!0&ID=TILES_INTRO_LIGHTNING_TEXT,Introduction - Lightning and Font,
999664,ROMIMG3,GH=ROMGH&TMWIDTH=16&TMHEIGHT=32&PAL=PALETTE_MENU_INTRO!3&ID=TILES_INTRO_CIRCLES2,Introduction - Circles 2,
999665,ROMIMG3,GH=ROMGH&TMWIDTH=16&TMHEIGHT=32&PAL=PALETTE_MENU_INTRO!8&PAL=PALETTE_MENU_INTRO!9&ID=TILES_INTRO_GREY_LORD_DRAGON,Introduction - Grey Lord and Dragon,
999666,ROMIMG2,GH=ROMGH&TMWIDTH=16&TMHEIGHT=16&PAL=PALETTE_CREDITS_MAPS!0&ID=TILES_MAP_ICONS,Map icons,
999667,TILEMAP1,GH=ROMGH&WIDTH=64&HEIGHT=64&PAL=PALETTE_CREDITS_MAPS!0&TILES=TILES_MAP_ICONS,Level 00 Map,
999668,TILEMAP1,GH=ROMGH&WIDTH=64&HEIGHT=64&PAL=PALETTE_CREDITS_MAPS!0&TILES=TILES_MAP_ICONS,Level 01 Map,
999669,TILEMAP1,GH=ROMGH&WIDTH=64&HEIGHT=64&PAL=PALETTE_CREDITS_MAPS!0&TILES=TILES_MAP_ICONS,Level 02 Map,
999670,TILEMAP1,GH=ROMGH&WIDTH=64&HEIGHT=64&PAL=PALETTE_CREDITS_MAPS!0&TILES=TILES_MAP_ICONS,Level 03 Map,
999671,TILEMAP1,GH=ROMGH&WIDTH=64&HEIGHT=64&PAL=PALETTE_CREDITS_MAPS!0&TILES=TILES_MAP_ICONS,Level 04 Map,
999672,TILEMAP1,GH=ROMGH&WIDTH=64&HEIGHT=64&PAL=PALETTE_CREDITS_MAPS!0&TILES=TILES_MAP_ICONS,Level 05 Map,
999673,TILEMAP1,GH=ROMGH&WIDTH=64&HEIGHT=64&PAL=PALETTE_CREDITS_MAPS!0&TILES=TILES_MAP_ICONS,Level 06 Map,
999674,TILEMAP1,GH=ROMGH&WIDTH=64&HEIGHT=64&PAL=PALETTE_CREDITS_MAPS!0&TILES=TILES_MAP_ICONS,Level 07 Map,
999675,TILEMAP1,GH=ROMGH&WIDTH=64&HEIGHT=64&PAL=PALETTE_CREDITS_MAPS!0&TILES=TILES_MAP_ICONS,Level 08 Map,
999676,TILEMAP1,GH=ROMGH&WIDTH=64&HEIGHT=64&PAL=PALETTE_CREDITS_MAPS!0&TILES=TILES_MAP_ICONS,Level 09 Map,
999677,TILEMAP1,GH=ROMGH&WIDTH=64&HEIGHT=64&PAL=PALETTE_CREDITS_MAPS!0&TILES=TILES_MAP_ICONS,Level 10 Map,
999678,TILEMAP1,GH=ROMGH&WIDTH=64&HEIGHT=64&PAL=PALETTE_CREDITS_MAPS!0&TILES=TILES_MAP_ICONS,Level 11 Map,
999679,TILEMAP1,GH=ROMGH&WIDTH=64&HEIGHT=64&PAL=PALETTE_CREDITS_MAPS!0&TILES=TILES_MAP_ICONS,Level 12 Map,
999680,TILEMAP1,GH=ROMGH&WIDTH=64&HEIGHT=64&PAL=PALETTE_CREDITS_MAPS!0&TILES=TILES_MAP_ICONS,Level 13 Map,
999681,ROMIMG3,GH=ROMGH&TMWIDTH=16&TMHEIGHT=32&PAL=PALETTE_END_OF_GAME!0&ID=TILES_END_WALLS,End - Walls,
999682,ROMIMG3,GH=ROMGH&TMWIDTH=16&TMHEIGHT=32&PAL=PALETTE_END_OF_GAME!2&ID=TILES_END_CLOUDS,End - Clouds,
999683,ROMIMG3,GH=ROMGH&TMWIDTH=16&TMHEIGHT=32&PAL=PALETTE_END_OF_GAME!8&PAL=PALETTE_END_OF_GAME!9&ID=TILES_END_GREY_LORD,End - Grey Lord,
999684,TILEMAP2,GH=ROMGH&WIDTH=32&HEIGHT=32&PAL=PALETTE_END_OF_GAME&TILES=TILES_END_WALLS,End - Walls,
999685,TILEMAP2,GH=ROMGH&WIDTH=64&HEIGHT=32&PAL=PALETTE_END_OF_GAME&TILES=TILES_END_CLOUDS,End - Clouds,
999686,ROMIMG4,GH=ROMGH&TMWIDTH=16&TMHEIGHT=32&PAL=PALETTE_END_OF_GAME!1,Japanese Text,End of game,Unused in US version
999687,ROMIMG3,GH=ROMGH&TMWIDTH=16&TMHEIGHT=16&PAL=PALETTE_CREDITS_MAPS!7&ID=TILES_CREDITS_LOGOS,Credits and Logos,
999688,TILEMAP2,GH=ROMGH&WIDTH=32&HEIGHT=192&PAL=PALETTE_CREDITS_MAPS&TILES=TILES_CREDITS_LOGOS,Credits and logos,
999689,ROMIMG3,GH=ROMGH&TMWIDTH=16&TMHEIGHT=32&PAL=PALETTE_GAMEOVER!1&ID=TILES_GAMEOVER,Game Over - 'Game over' message,
999690,ROMIMG3,GH=ROMGH&TMWIDTH=16&TMHEIGHT=32&PAL=PALETTE_GAMEOVER!0&ID=TILES_SKULLS,Game Over - Skulls,
999691,TILEMAP2,GH=ROMGH&WIDTH=32&HEIGHT=32&PAL=PALETTE_GAMEOVER&TILES=TILES_GAMEOVER,Game Over - 'Game over' message,
999692,TILEMAP2,GH=ROMGH&WIDTH=32&HEIGHT=32&PAL=PALETTE_GAMEOVER&TILES=TILES_SKULLS,Game Over - Skulls,
999693,TILEMAP2,GH=ROMGH&WIDTH=32&HEIGHT=32&PAL=PALETTE_DUNGEON_ENTRANCE&TILES=TILES_ENTRANCE_BORDER,Dungeon Entrance - Border,
999694,TILEMAP2,GH=ROMGH&WIDTH=32&HEIGHT=32&PAL=PALETTE_DUNGEON_ENTRANCE&TILES=TILES_ENTRANCE_CORRIDOR,Dungeon Entrance - Corridor,
999695,RAW2,SIZE=6839,Padding,Until end of bank,
